../Drivers/CMSIS/Include/core_cm3.h:1600:22:__NVIC_ClearPendingIRQ	16	static
../Core/Src/main.c:106:5:main	64	static
../Core/Src/main.c:542:6:SystemClock_Config	88	static
../Core/Src/main.c:591:13:MX_ADC1_Init	24	static
../Core/Src/main.c:647:13:MX_I2C1_Init	8	static
../Core/Src/main.c:681:13:MX_I2C2_Init	8	static
../Core/Src/main.c:715:13:MX_RTC_Init	24	static
../Core/Src/main.c:785:13:MX_SPI1_Init	8	static
../Core/Src/main.c:823:13:MX_SPI2_Init	8	static
../Core/Src/main.c:861:13:MX_TIM2_Init	32	static
../Core/Src/main.c:906:13:MX_TIM3_Init	32	static
../Core/Src/main.c:951:13:MX_USART1_UART_Init	8	static
../Core/Src/main.c:984:13:MX_GPIO_Init	40	static
../Core/Src/main.c:1075:6:HAL_RTC_AlarmAEventCallback	16	static
../Core/Src/main.c:1083:6:wake_up_from_standby_handler	4	static
../Core/Src/main.c:1091:6:HAL_TIM_PeriodElapsedCallback	16	static
../Core/Src/main.c:1113:6:HAL_ADC_ConvCpltCallback	16	static
../Core/Src/main.c:1126:7:ADC_Read_Battery	24	static
../Core/Src/main.c:1135:6:RFM95W_Struct_Init	64	static
../Core/Src/main.c:1160:6:HAL_GPIO_EXTI_Callback	16	static
../Core/Src/main.c:1176:16:random_int	16	static
../Core/Src/main.c:1181:17:get_precision_tick	16	static,ignoring_inline_asm
../Core/Src/main.c:1190:9:ADC_Read_EHum	24	static
../Core/Src/main.c:1203:6:Error_Handler	4	static,ignoring_inline_asm
