../Drivers/CMSIS/Include/core_cm3.h:1600:22:__NVIC_ClearPendingIRQ	16	static
../Core/Src/main.c:107:5:main	64	static
../Core/Src/main.c:615:6:SystemClock_Config	88	static
../Core/Src/main.c:664:13:MX_ADC1_Init	24	static
../Core/Src/main.c:720:13:MX_I2C1_Init	8	static
../Core/Src/main.c:754:13:MX_I2C2_Init	8	static
../Core/Src/main.c:788:13:MX_RTC_Init	24	static
../Core/Src/main.c:858:13:MX_SPI1_Init	8	static
../Core/Src/main.c:896:13:MX_SPI2_Init	8	static
../Core/Src/main.c:934:13:MX_TIM2_Init	32	static
../Core/Src/main.c:979:13:MX_TIM3_Init	32	static
../Core/Src/main.c:1024:13:MX_USART1_UART_Init	8	static
../Core/Src/main.c:1057:13:MX_GPIO_Init	40	static
../Core/Src/main.c:1154:6:HAL_RTC_AlarmAEventCallback	16	static
../Core/Src/main.c:1162:6:wake_up_from_standby_handler	4	static
../Core/Src/main.c:1170:6:HAL_TIM_PeriodElapsedCallback	16	static
../Core/Src/main.c:1192:6:HAL_ADC_ConvCpltCallback	16	static
../Core/Src/main.c:1205:7:ADC_Read_Battery	24	static
../Core/Src/main.c:1214:6:RFM95W_Struct_Init	64	static
../Core/Src/main.c:1239:6:HAL_GPIO_EXTI_Callback	16	static
../Core/Src/main.c:1255:16:random_int	16	static
../Core/Src/main.c:1260:17:get_precision_tick	16	static,ignoring_inline_asm
../Core/Src/main.c:1269:9:ADC_Read_EHum	24	static
../Core/Src/main.c:1282:6:Error_Handler	4	static,ignoring_inline_asm
