../Core/Src/main.c:106:5:main	48	static
../Core/Src/main.c:419:6:SystemClock_Config	88	static
../Core/Src/main.c:468:13:MX_ADC1_Init	24	static
../Core/Src/main.c:524:13:MX_I2C1_Init	8	static
../Core/Src/main.c:558:13:MX_I2C2_Init	8	static
../Core/Src/main.c:592:13:MX_RTC_Init	24	static
../Core/Src/main.c:662:13:MX_SPI1_Init	8	static
../Core/Src/main.c:700:13:MX_SPI2_Init	8	static
../Core/Src/main.c:738:13:MX_TIM2_Init	32	static
../Core/Src/main.c:783:13:MX_TIM3_Init	32	static
../Core/Src/main.c:828:13:MX_USART1_UART_Init	8	static
../Core/Src/main.c:861:13:MX_GPIO_Init	40	static
../Core/Src/main.c:941:6:HAL_RTC_AlarmAEventCallback	16	static
../Core/Src/main.c:949:6:HAL_TIM_PeriodElapsedCallback	16	static
../Core/Src/main.c:971:6:HAL_ADC_ConvCpltCallback	16	static
../Core/Src/main.c:984:7:ADC_Read_Battery	24	static
../Core/Src/main.c:993:6:RFM95W_Struct_Init	64	static
../Core/Src/main.c:1018:6:HAL_GPIO_EXTI_Callback	16	static
../Core/Src/main.c:1029:16:random_int	16	static
../Core/Src/main.c:1034:17:get_precision_tick	16	static,ignoring_inline_asm
../Core/Src/main.c:1046:9:ADC_Read_EHum	24	static
../Core/Src/main.c:1059:6:Error_Handler	4	static,ignoring_inline_asm
