../Drivers/CMSIS/Include/core_cm3.h:1600:22:__NVIC_ClearPendingIRQ	16	static
../Core/Src/main.c:107:5:main	88	static
../Core/Src/main.c:602:6:SystemClock_Config	88	static
../Core/Src/main.c:651:13:MX_ADC1_Init	24	static
../Core/Src/main.c:707:13:MX_I2C1_Init	8	static
../Core/Src/main.c:741:13:MX_I2C2_Init	8	static
../Core/Src/main.c:775:13:MX_RTC_Init	24	static
../Core/Src/main.c:845:13:MX_SPI1_Init	8	static
../Core/Src/main.c:883:13:MX_SPI2_Init	8	static
../Core/Src/main.c:921:13:MX_TIM2_Init	32	static
../Core/Src/main.c:966:13:MX_TIM3_Init	32	static
../Core/Src/main.c:1011:13:MX_USART1_UART_Init	8	static
../Core/Src/main.c:1044:13:MX_GPIO_Init	40	static
../Core/Src/main.c:1146:6:HAL_RTC_AlarmAEventCallback	16	static
../Core/Src/main.c:1154:6:wake_up_from_standby_handler	4	static
../Core/Src/main.c:1162:6:HAL_TIM_PeriodElapsedCallback	16	static
../Core/Src/main.c:1184:6:HAL_ADC_ConvCpltCallback	16	static
../Core/Src/main.c:1197:7:ADC_Read_Battery	24	static
../Core/Src/main.c:1206:6:RFM95W_Struct_Init	64	static
../Core/Src/main.c:1231:6:HAL_GPIO_EXTI_Callback	16	static
../Core/Src/main.c:1247:16:random_int	16	static
../Core/Src/main.c:1252:17:get_precision_tick	16	static,ignoring_inline_asm
../Core/Src/main.c:1261:9:ADC_Read_EHum	24	static
../Core/Src/main.c:1274:6:Error_Handler	4	static,ignoring_inline_asm
