../Drivers/CMSIS/Include/core_cm3.h:1600:22:__NVIC_ClearPendingIRQ	16	static
../Core/Src/main.c:111:5:main	88	static
../Core/Src/main.c:703:6:SystemClock_Config	88	static
../Core/Src/main.c:757:13:MX_ADC_Init	24	static
../Core/Src/main.c:812:13:MX_I2C1_Init	8	static
../Core/Src/main.c:846:13:MX_I2C2_Init	8	static
../Core/Src/main.c:880:13:MX_RTC_Init	56	static
../Core/Src/main.c:960:13:MX_SPI1_Init	8	static
../Core/Src/main.c:997:13:MX_SPI2_Init	8	static
../Core/Src/main.c:1034:13:MX_TIM2_Init	32	static
../Core/Src/main.c:1079:13:MX_TIM3_Init	32	static
../Core/Src/main.c:1124:13:MX_GPIO_Init	48	static
../Core/Src/main.c:1217:6:HAL_RTC_AlarmAEventCallback	16	static
../Core/Src/main.c:1225:6:wake_up_from_standby_handler	4	static
../Core/Src/main.c:1233:6:HAL_TIM_PeriodElapsedCallback	16	static
../Core/Src/main.c:1255:6:HAL_ADC_ConvCpltCallback	16	static
../Core/Src/main.c:1268:7:ADC_Read_Battery	24	static
../Core/Src/main.c:1287:6:RFM95W_Struct_Init	64	static
../Core/Src/main.c:1312:6:HAL_GPIO_EXTI_Callback	16	static
../Core/Src/main.c:1328:16:random_int	16	static
../Core/Src/main.c:1333:17:get_precision_tick	16	static,ignoring_inline_asm
../Core/Src/main.c:1342:9:ADC_Read_EHum	24	static
../Core/Src/main.c:1355:6:Error_Handler	4	static,ignoring_inline_asm
