../Drivers/CMSIS/Include/core_cm3.h:1600:22:__NVIC_ClearPendingIRQ	16	static
../Core/Src/main.c:107:5:main	64	static
../Core/Src/main.c:621:6:SystemClock_Config	88	static
../Core/Src/main.c:670:13:MX_ADC1_Init	24	static
../Core/Src/main.c:726:13:MX_I2C1_Init	8	static
../Core/Src/main.c:760:13:MX_I2C2_Init	8	static
../Core/Src/main.c:794:13:MX_RTC_Init	24	static
../Core/Src/main.c:864:13:MX_SPI1_Init	8	static
../Core/Src/main.c:902:13:MX_SPI2_Init	8	static
../Core/Src/main.c:940:13:MX_TIM2_Init	32	static
../Core/Src/main.c:985:13:MX_TIM3_Init	32	static
../Core/Src/main.c:1030:13:MX_USART1_UART_Init	8	static
../Core/Src/main.c:1063:13:MX_GPIO_Init	40	static
../Core/Src/main.c:1160:6:HAL_RTC_AlarmAEventCallback	16	static
../Core/Src/main.c:1168:6:wake_up_from_standby_handler	4	static
../Core/Src/main.c:1176:6:HAL_TIM_PeriodElapsedCallback	16	static
../Core/Src/main.c:1198:6:HAL_ADC_ConvCpltCallback	16	static
../Core/Src/main.c:1211:7:ADC_Read_Battery	24	static
../Core/Src/main.c:1220:6:RFM95W_Struct_Init	64	static
../Core/Src/main.c:1245:6:HAL_GPIO_EXTI_Callback	16	static
../Core/Src/main.c:1261:16:random_int	16	static
../Core/Src/main.c:1266:17:get_precision_tick	16	static,ignoring_inline_asm
../Core/Src/main.c:1275:9:ADC_Read_EHum	24	static
../Core/Src/main.c:1288:6:Error_Handler	4	static,ignoring_inline_asm
