Archive member included to satisfy reference by file (symbol)

C:/ST/STM32CubeIDE_1.18.1/STM32CubeIDE/plugins/com.st.stm32cube.ide.mcu.externaltools.gnu-tools-for-stm32.13.3.rel1.win32_1.0.0.202411081344/tools/bin/../lib/gcc/arm-none-eabi/13.3.1/../../../../arm-none-eabi/lib/thumb/v7-m/nofp\libc_nano.a(libc_a-assert.o)
                              ./Core/Src/rfm95.o (__assert_func)
C:/ST/STM32CubeIDE_1.18.1/STM32CubeIDE/plugins/com.st.stm32cube.ide.mcu.externaltools.gnu-tools-for-stm32.13.3.rel1.win32_1.0.0.202411081344/tools/bin/../lib/gcc/arm-none-eabi/13.3.1/../../../../arm-none-eabi/lib/thumb/v7-m/nofp\libc_nano.a(libc_a-exit.o)
                              C:/ST/STM32CubeIDE_1.18.1/STM32CubeIDE/plugins/com.st.stm32cube.ide.mcu.externaltools.gnu-tools-for-stm32.13.3.rel1.win32_1.0.0.202411081344/tools/bin/../lib/gcc/arm-none-eabi/13.3.1/../../../../arm-none-eabi/lib/thumb/v7-m/nofp/crt0.o (exit)
C:/ST/STM32CubeIDE_1.18.1/STM32CubeIDE/plugins/com.st.stm32cube.ide.mcu.externaltools.gnu-tools-for-stm32.13.3.rel1.win32_1.0.0.202411081344/tools/bin/../lib/gcc/arm-none-eabi/13.3.1/../../../../arm-none-eabi/lib/thumb/v7-m/nofp\libc_nano.a(libc_a-findfp.o)
                              C:/ST/STM32CubeIDE_1.18.1/STM32CubeIDE/plugins/com.st.stm32cube.ide.mcu.externaltools.gnu-tools-for-stm32.13.3.rel1.win32_1.0.0.202411081344/tools/bin/../lib/gcc/arm-none-eabi/13.3.1/../../../../arm-none-eabi/lib/thumb/v7-m/nofp\libc_nano.a(libc_a-exit.o) (__stdio_exit_handler)
C:/ST/STM32CubeIDE_1.18.1/STM32CubeIDE/plugins/com.st.stm32cube.ide.mcu.externaltools.gnu-tools-for-stm32.13.3.rel1.win32_1.0.0.202411081344/tools/bin/../lib/gcc/arm-none-eabi/13.3.1/../../../../arm-none-eabi/lib/thumb/v7-m/nofp\libc_nano.a(libc_a-fprintf.o)
                              C:/ST/STM32CubeIDE_1.18.1/STM32CubeIDE/plugins/com.st.stm32cube.ide.mcu.externaltools.gnu-tools-for-stm32.13.3.rel1.win32_1.0.0.202411081344/tools/bin/../lib/gcc/arm-none-eabi/13.3.1/../../../../arm-none-eabi/lib/thumb/v7-m/nofp\libc_nano.a(libc_a-assert.o) (fiprintf)
C:/ST/STM32CubeIDE_1.18.1/STM32CubeIDE/plugins/com.st.stm32cube.ide.mcu.externaltools.gnu-tools-for-stm32.13.3.rel1.win32_1.0.0.202411081344/tools/bin/../lib/gcc/arm-none-eabi/13.3.1/../../../../arm-none-eabi/lib/thumb/v7-m/nofp\libc_nano.a(libc_a-fwalk.o)
                              C:/ST/STM32CubeIDE_1.18.1/STM32CubeIDE/plugins/com.st.stm32cube.ide.mcu.externaltools.gnu-tools-for-stm32.13.3.rel1.win32_1.0.0.202411081344/tools/bin/../lib/gcc/arm-none-eabi/13.3.1/../../../../arm-none-eabi/lib/thumb/v7-m/nofp\libc_nano.a(libc_a-findfp.o) (_fwalk_sglue)
C:/ST/STM32CubeIDE_1.18.1/STM32CubeIDE/plugins/com.st.stm32cube.ide.mcu.externaltools.gnu-tools-for-stm32.13.3.rel1.win32_1.0.0.202411081344/tools/bin/../lib/gcc/arm-none-eabi/13.3.1/../../../../arm-none-eabi/lib/thumb/v7-m/nofp\libc_nano.a(libc_a-stdio.o)
                              C:/ST/STM32CubeIDE_1.18.1/STM32CubeIDE/plugins/com.st.stm32cube.ide.mcu.externaltools.gnu-tools-for-stm32.13.3.rel1.win32_1.0.0.202411081344/tools/bin/../lib/gcc/arm-none-eabi/13.3.1/../../../../arm-none-eabi/lib/thumb/v7-m/nofp\libc_nano.a(libc_a-findfp.o) (__sread)
C:/ST/STM32CubeIDE_1.18.1/STM32CubeIDE/plugins/com.st.stm32cube.ide.mcu.externaltools.gnu-tools-for-stm32.13.3.rel1.win32_1.0.0.202411081344/tools/bin/../lib/gcc/arm-none-eabi/13.3.1/../../../../arm-none-eabi/lib/thumb/v7-m/nofp\libc_nano.a(libc_a-memcmp.o)
                              ./Core/Src/rfm95.o (memcmp)
C:/ST/STM32CubeIDE_1.18.1/STM32CubeIDE/plugins/com.st.stm32cube.ide.mcu.externaltools.gnu-tools-for-stm32.13.3.rel1.win32_1.0.0.202411081344/tools/bin/../lib/gcc/arm-none-eabi/13.3.1/../../../../arm-none-eabi/lib/thumb/v7-m/nofp\libc_nano.a(libc_a-memset.o)
                              C:/ST/STM32CubeIDE_1.18.1/STM32CubeIDE/plugins/com.st.stm32cube.ide.mcu.externaltools.gnu-tools-for-stm32.13.3.rel1.win32_1.0.0.202411081344/tools/bin/../lib/gcc/arm-none-eabi/13.3.1/../../../../arm-none-eabi/lib/thumb/v7-m/nofp/crt0.o (memset)
C:/ST/STM32CubeIDE_1.18.1/STM32CubeIDE/plugins/com.st.stm32cube.ide.mcu.externaltools.gnu-tools-for-stm32.13.3.rel1.win32_1.0.0.202411081344/tools/bin/../lib/gcc/arm-none-eabi/13.3.1/../../../../arm-none-eabi/lib/thumb/v7-m/nofp\libc_nano.a(libc_a-closer.o)
                              C:/ST/STM32CubeIDE_1.18.1/STM32CubeIDE/plugins/com.st.stm32cube.ide.mcu.externaltools.gnu-tools-for-stm32.13.3.rel1.win32_1.0.0.202411081344/tools/bin/../lib/gcc/arm-none-eabi/13.3.1/../../../../arm-none-eabi/lib/thumb/v7-m/nofp\libc_nano.a(libc_a-stdio.o) (_close_r)
C:/ST/STM32CubeIDE_1.18.1/STM32CubeIDE/plugins/com.st.stm32cube.ide.mcu.externaltools.gnu-tools-for-stm32.13.3.rel1.win32_1.0.0.202411081344/tools/bin/../lib/gcc/arm-none-eabi/13.3.1/../../../../arm-none-eabi/lib/thumb/v7-m/nofp\libc_nano.a(libc_a-reent.o)
[...]
Memory Configuration

Name             Origin             Length             Attributes
RAM              0x20000000         0x00002800         xrw
FLASH            0x08000000         0x00010000         xr
*default*        0x00000000         0xffffffff

Linker script and memory map

LOAD C:/ST/STM32CubeIDE_1.18.1/STM32CubeIDE/plugins/com.st.stm32cube.ide.mcu.externaltools.gnu-tools-for-stm32.13.3.rel1.win32_1.0.0.202411081344/tools/bin/../lib/gcc/arm-none-eabi/13.3.1/thumb/v7-m/nofp/crti.o
LOAD C:/ST/STM32CubeIDE_1.18.1/STM32CubeIDE/plugins/com.st.stm32cube.ide.mcu.externaltools.gnu-tools-for-stm32.13.3.rel1.win32_1.0.0.202411081344/tools/bin/../lib/gcc/arm-none-eabi/13.3.1/thumb/v7-m/nofp/crtbegin.o
LOAD C:/ST/STM32CubeIDE_1.18.1/STM32CubeIDE/plugins/com.st.stm32cube.ide.mcu.externaltools.gnu-tools-for-stm32.13.3.rel1.win32_1.0.0.202411081344/tools/bin/../lib/gcc/arm-none-eabi/13.3.1/../../../../arm-none-eabi/lib/thumb/v7-m/nofp/crt0.o
LOAD ./Core/Src/BME280.o
LOAD ./Core/Src/flash.o
LOAD ./Core/Src/main.o
LOAD ./Core/Src/rfm95.o
LOAD ./Core/Src/stm32l1xx_hal_msp.o
LOAD ./Core/Src/stm32l1xx_it.o
LOAD ./Core/Src/syscalls.o
LOAD ./Core/Src/sysmem.o
LOAD ./Core/Src/system_stm32l1xx.o
LOAD ./Core/Startup/startup_stm32l151c8tx.o
LOAD ./Drivers/STM32L1xx_HAL_Driver/Src/stm32l1xx_hal.o
LOAD ./Drivers/STM32L1xx_HAL_Driver/Src/stm32l1xx_hal_adc.o
LOAD ./Drivers/STM32L1xx_HAL_Driver/Src/stm32l1xx_hal_adc_ex.o
LOAD ./Drivers/STM32L1xx_HAL_Driver/Src/stm32l1xx_hal_cortex.o
LOAD ./Drivers/STM32L1xx_HAL_Driver/Src/stm32l1xx_hal_dma.o
LOAD ./Drivers/STM32L1xx_HAL_Driver/Src/stm32l1xx_hal_exti.o
LOAD ./Drivers/STM32L1xx_HAL_Driver/Src/stm32l1xx_hal_flash.o
LOAD ./Drivers/STM32L1xx_HAL_Driver/Src/stm32l1xx_hal_flash_ex.o
LOAD ./Drivers/STM32L1xx_HAL_Driver/Src/stm32l1xx_hal_flash_ramfunc.o
LOAD ./Drivers/STM32L1xx_HAL_Driver/Src/stm32l1xx_hal_gpio.o
LOAD ./Drivers/STM32L1xx_HAL_Driver/Src/stm32l1xx_hal_i2c.o
LOAD ./Drivers/STM32L1xx_HAL_Driver/Src/stm32l1xx_hal_pwr.o
LOAD ./Drivers/STM32L1xx_HAL_Driver/Src/stm32l1xx_hal_pwr_ex.o
LOAD ./Drivers/STM32L1xx_HAL_Driver/Src/stm32l1xx_hal_rcc.o
LOAD ./Drivers/STM32L1xx_HAL_Driver/Src/stm32l1xx_hal_rcc_ex.o
LOAD ./Drivers/STM32L1xx_HAL_Driver/Src/stm32l1xx_hal_rtc.o
LOAD ./Drivers/STM32L1xx_HAL_Driver/Src/stm32l1xx_hal_rtc_ex.o
LOAD ./Drivers/STM32L1xx_HAL_Driver/Src/stm32l1xx_hal_spi.o
LOAD ./Drivers/STM32L1xx_HAL_Driver/Src/stm32l1xx_hal_tim.o
LOAD ./Drivers/STM32L1xx_HAL_Driver/Src/stm32l1xx_hal_tim_ex.o
LOAD ./Drivers/STM32L1xx_HAL_Driver/Src/stm32l1xx_hal_uart.o
LOAD ./Drivers/ideetron/AES-128_V10.o
LOAD ./Drivers/ideetron/Encrypt_V31.o
START GROUP
LOAD C:/ST/STM32CubeIDE_1.18.1/STM32CubeIDE/plugins/com.st.stm32cube.ide.mcu.externaltools.gnu-tools-for-stm32.13.3.rel1.win32_1.0.0.202411081344/tools/bin/../lib/gcc/arm-none-eabi/13.3.1/../../../../arm-none-eabi/lib/thumb/v7-m/nofp\libc_nano.a
LOAD C:/ST/STM32CubeIDE_1.18.1/STM32CubeIDE/plugins/com.st.stm32cube.ide.mcu.externaltools.gnu-tools-for-stm32.13.3.rel1.win32_1.0.0.202411081344/tools/bin/../lib/gcc/arm-none-eabi/13.3.1/../../../../arm-none-eabi/lib/thumb/v7-m/nofp\libm.a
END GROUP
START GROUP
LOAD C:/ST/STM32CubeIDE_1.18.1/STM32CubeIDE/plugins/com.st.stm32cube.ide.mcu.externaltools.gnu-tools-for-stm32.13.3.rel1.win32_1.0.0.202411081344/tools/bin/../lib/gcc/arm-none-eabi/13.3.1/thumb/v7-m/nofp\libgcc.a
LOAD C:/ST/STM32CubeIDE_1.18.1/STM32CubeIDE/plugins/com.st.stm32cube.ide.mcu.externaltools.gnu-tools-for-stm32.13.3.rel1.win32_1.0.0.202411081344/tools/bin/../lib/gcc/arm-none-eabi/13.3.1/../../../../arm-none-eabi/lib/thumb/v7-m/nofp\libc_nano.a
END GROUP
START GROUP
LOAD C:/ST/STM32CubeIDE_1.18.1/STM32CubeIDE/plugins/com.st.stm32cube.ide.mcu.externaltools.gnu-tools-for-stm32.13.3.rel1.win32_1.0.0.202411081344/tools/bin/../lib/gcc/arm-none-eabi/13.3.1/thumb/v7-m/nofp\libgcc.a
LOAD C:/ST/STM32CubeIDE_1.18.1/STM32CubeIDE/plugins/com.st.stm32cube.ide.mcu.externaltools.gnu-tools-for-stm32.13.3.rel1.win32_1.0.0.202411081344/tools/bin/../lib/gcc/arm-none-eabi/13.3.1/../../../../arm-none-eabi/lib/thumb/v7-m/nofp\libc_nano.a
LOAD C:/ST/STM32CubeIDE_1.18.1/STM32CubeIDE/plugins/com.st.stm32cube.ide.mcu.externaltools.gnu-tools-for-stm32.13.3.rel1.win32_1.0.0.202411081344/tools/bin/../lib/gcc/arm-none-eabi/13.3.1/../../../../arm-none-eabi/lib/thumb/v7-m/nofp\libnosys.a
END GROUP
START GROUP
LOAD C:/ST/STM32CubeIDE_1.18.1/STM32CubeIDE/plugins/com.st.stm32cube.ide.mcu.externaltools.gnu-tools-for-stm32.13.3.rel1.win32_1.0.0.202411081344/tools/bin/../lib/gcc/arm-none-eabi/13.3.1/thumb/v7-m/nofp\libgcc.a
LOAD C:/ST/STM32CubeIDE_1.18.1/STM32CubeIDE/plugins/com.st.stm32cube.ide.mcu.externaltools.gnu-tools-for-stm32.13.3.rel1.win32_1.0.0.202411081344/tools/bin/../lib/gcc/arm-none-eabi/13.3.1/../../../../arm-none-eabi/lib/thumb/v7-m/nofp\libc_nano.a
LOAD C:/ST/STM32CubeIDE_1.18.1/STM32CubeIDE/plugins/com.st.stm32cube.ide.mcu.externaltools.gnu-tools-for-stm32.13.3.rel1.win32_1.0.0.202411081344/tools/bin/../lib/gcc/arm-none-eabi/13.3.1/../../../../arm-none-eabi/lib/thumb/v7-m/nofp\libnosys.a
END GROUP
LOAD C:/ST/STM32CubeIDE_1.18.1/STM32CubeIDE/plugins/com.st.stm32cube.ide.mcu.externaltools.gnu-tools-for-stm32.13.3.rel1.win32_1.0.0.202411081344/tools/bin/../lib/gcc/arm-none-eabi/13.3.1/thumb/v7-m/nofp/crtend.o
LOAD C:/ST/STM32CubeIDE_1.18.1/STM32CubeIDE/plugins/com.st.stm32cube.ide.mcu.externaltools.gnu-tools-for-stm32.13.3.rel1.win32_1.0.0.202411081344/tools/bin/../lib/gcc/arm-none-eabi/13.3.1/thumb/v7-m/nofp/crtn.o
                0x20002800                        _estack = (ORIGIN (RAM) + LENGTH (RAM))
                0x00000200                        _Min_Heap_Size = 0x200
                0x00000400                        _Min_Stack_Size = 0x400

.isr_vector     0x08000000      0x13c
                0x08000000                        . = ALIGN (0x4)
 *(.isr_vector)
 .isr_vector    0x08000000      0x13c ./Core/Startup/startup_stm32l151c8tx.o
                0x08000000                g_pfnVectors
                0x0800013c                        . = ALIGN (0x4)

.text           0x08000140     0xdc74
                0x08000140                        . = ALIGN (0x4)
 *(.text)
 .text          0x08000140       0x40 C:/ST/STM32CubeIDE_1.18.1/STM32CubeIDE/plugins/com.st.stm32cube.ide.mcu.externaltools.gnu-tools-for-stm32.13.3.rel1.win32_1.0.0.202411081344/tools/bin/../lib/gcc/arm-none-eabi/13.3.1/thumb/v7-m/nofp/crtbegin.o
 .text          0x08000180      0x254 C:/ST/STM32CubeIDE_1.18.1/STM32CubeIDE/plugins/com.st.stm32cube.ide.mcu.externaltools.gnu-tools-for-stm32.13.3.rel1.win32_1.0.0.202411081344/tools/bin/../lib/gcc/arm-none-eabi/13.3.1/thumb/v7-m/nofp\libgcc.a(_arm_muldf3.o)
                0x08000180                __muldf3
                0x08000180                __aeabi_dmul
 .text          0x080003d4      0x378 C:/ST/STM32CubeIDE_1.18.1/STM32CubeIDE/plugins/com.st.stm32cube.ide.mcu.externaltools.gnu-tools-for-stm32.13.3.rel1.win32_1.0.0.202411081344/tools/bin/../lib/gcc/arm-none-eabi/13.3.1/thumb/v7-m/nofp\libgcc.a(_arm_addsubdf3.o)
                0x080003d4                __aeabi_drsub
                0x080003dc                __aeabi_dsub
                0x080003dc                __subdf3
                0x080003e0                __aeabi_dadd
                0x080003e0                __adddf3
                0x08000658                __floatunsidf
                0x08000658                __aeabi_ui2d
                0x08000678                __floatsidf
                0x08000678                __aeabi_i2d
                0x0800069c                __aeabi_f2d
                0x0800069c                __extendsfdf2
                0x080006e0                __floatundidf
                0x080006e0                __aeabi_ul2d
                0x080006f0                __floatdidf
                0x080006f0                __aeabi_l2d
 .text          0x0800074c      0x110 C:/ST/STM32CubeIDE_1.18.1/STM32CubeIDE/plugins/com.st.stm32cube.ide.mcu.externaltools.gnu-tools-for-stm32.13.3.rel1.win32_1.0.0.202411081344/tools/bin/../lib/gcc/arm-none-eabi/13.3.1/thumb/v7-m/nofp\libgcc.a(_arm_cmpdf2.o)
                0x0800074c                __gtdf2
                0x0800074c                __gedf2
                0x08000754                __ltdf2
                0x08000754                __ledf2
                0x0800075c                __nedf2
                0x0800075c                __eqdf2
                0x0800075c                __cmpdf2
                0x080007d8                __aeabi_cdrcmple
                0x080007e8                __aeabi_cdcmpeq
                0x080007e8                __aeabi_cdcmple
                0x080007f8                __aeabi_dcmpeq
                0x0800080c                __aeabi_dcmplt
                0x08000820                __aeabi_dcmple
                0x08000834                __aeabi_dcmpge
                0x08000848                __aeabi_dcmpgt
 .text          0x0800085c       0x40 C:/ST/STM32CubeIDE_1.18.1/STM32CubeIDE/plugins/com.st.stm32cube.ide.mcu.externaltools.gnu-tools-for-stm32.13.3.rel1.win32_1.0.0.202411081344/tools/bin/../lib/gcc/arm-none-eabi/13.3.1/thumb/v7-m/nofp\libgcc.a(_arm_fixunsdfsi.o)
                0x0800085c                __aeabi_d2uiz
                0x0800085c                __fixunsdfsi
 .text          0x0800089c       0xa0 C:/ST/STM32CubeIDE_1.18.1/STM32CubeIDE/plugins/com.st.stm32cube.ide.mcu.externaltools.gnu-tools-for-stm32.13.3.rel1.win32_1.0.0.202411081344/tools/bin/../lib/gcc/arm-none-eabi/13.3.1/thumb/v7-m/nofp\libgcc.a(_arm_truncdfsf2.o)
                0x0800089c                __truncdfsf2
                0x0800089c                __aeabi_d2f
 .text          0x0800093c      0x21c C:/ST/STM32CubeIDE_1.18.1/STM32CubeIDE/plugins/com.st.stm32cube.ide.mcu.externaltools.gnu-tools-for-stm32.13.3.rel1.win32_1.0.0.202411081344/tools/bin/../lib/gcc/arm-none-eabi/13.3.1/thumb/v7-m/nofp\libgcc.a(_arm_addsubsf3.o)
                0x0800093c                __aeabi_frsub
                0x08000944                __subsf3
                0x08000944                __aeabi_fsub
                0x08000948                __aeabi_fadd
                0x08000948                __addsf3
                0x08000aa8                __aeabi_ui2f
                0x08000aa8                __floatunsisf
                0x08000ab0                __aeabi_i2f
                0x08000ab0                __floatsisf
                0x08000acc                __aeabi_ul2f
                0x08000acc                __floatundisf
                0x08000adc                __aeabi_l2f
                0x08000adc                __floatdisf
 .text          0x08000b58      0x2a0 C:/ST/STM32CubeIDE_1.18.1/STM32CubeIDE/plugins/com.st.stm32cube.ide.mcu.externaltools.gnu-tools-for-stm32.13.3.rel1.win32_1.0.0.202411081344/tools/bin/../lib/gcc/arm-none-eabi/13.3.1/thumb/v7-m/nofp\libgcc.a(_arm_muldivsf3.o)
                0x08000b58                __mulsf3
                0x08000b58                __aeabi_fmul
                0x08000cc0                __aeabi_fdiv
                0x08000cc0                __divsf3
 .text          0x08000df8       0xec C:/ST/STM32CubeIDE_1.18.1/STM32CubeIDE/plugins/com.st.stm32cube.ide.mcu.externaltools.gnu-tools-for-stm32.13.3.rel1.win32_1.0.0.202411081344/tools/bin/../lib/gcc/arm-none-eabi/13.3.1/thumb/v7-m/nofp\libgcc.a(_arm_cmpsf2.o)
                0x08000df8                __gesf2
                0x08000df8                __gtsf2
                0x08000e00                __lesf2
                0x08000e00                __ltsf2
                0x08000e08                __nesf2
                0x08000e08                __eqsf2
                0x08000e08                __cmpsf2
                0x08000e68                __aeabi_cfrcmple
                0x08000e70                __aeabi_cfcmpeq
                0x08000e70                __aeabi_cfcmple
                0x08000e80                __aeabi_fcmpeq
                0x08000e94                __aeabi_fcmplt
                0x08000ea8                __aeabi_fcmple
                0x08000ebc                __aeabi_fcmpge
                0x08000ed0                __aeabi_fcmpgt
 .text          0x08000ee4       0x40 C:/ST/STM32CubeIDE_1.18.1/STM32CubeIDE/plugins/com.st.stm32cube.ide.mcu.externaltools.gnu-tools-for-stm32.13.3.rel1.win32_1.0.0.202411081344/tools/bin/../lib/gcc/arm-none-eabi/13.3.1/thumb/v7-m/nofp\libgcc.a(_arm_fixunssfsi.o)
                0x08000ee4                __fixunssfsi
                0x08000ee4                __aeabi_f2uiz
 .text          0x08000f24       0xa0 C:/ST/STM32CubeIDE_1.18.1/STM32CubeIDE/plugins/com.st.stm32cube.ide.mcu.externaltools.gnu-tools-for-stm32.13.3.rel1.win32_1.0.0.202411081344/tools/bin/../lib/gcc/arm-none-eabi/13.3.1/thumb/v7-m/nofp\libgcc.a(_aeabi_ldivmod.o)
                0x08000f24                __aeabi_ldivmod
 .text          0x08000fc4       0x30 C:/ST/STM32CubeIDE_1.18.1/STM32CubeIDE/plugins/com.st.stm32cube.ide.mcu.externaltools.gnu-tools-for-stm32.13.3.rel1.win32_1.0.0.202411081344/tools/bin/../lib/gcc/arm-none-eabi/13.3.1/thumb/v7-m/nofp\libgcc.a(_aeabi_uldivmod.o)
                0x08000fc4                __aeabi_uldivmod
 .text          0x08000ff4      0x300 C:/ST/STM32CubeIDE_1.18.1/STM32CubeIDE/plugins/com.st.stm32cube.ide.mcu.externaltools.gnu-tools-for-stm32.13.3.rel1.win32_1.0.0.202411081344/tools/bin/../lib/gcc/arm-none-eabi/13.3.1/thumb/v7-m/nofp\libgcc.a(_udivmoddi4.o)
                0x08000ff4                __udivmoddi4
 .text          0x080012f4        0x4 C:/ST/STM32CubeIDE_1.18.1/STM32CubeIDE/plugins/com.st.stm32cube.ide.mcu.externaltools.gnu-tools-for-stm32.13.3.rel1.win32_1.0.0.202411081344/tools/bin/../lib/gcc/arm-none-eabi/13.3.1/thumb/v7-m/nofp\libgcc.a(_dvmd_tls.o)
                0x080012f4                __aeabi_idiv0
                0x080012f4                __aeabi_ldiv0
 *(.text*)
 .text.BME280_ReadDeviceID
                0x080012f8       0x40 ./Core/Src/BME280.o
                0x080012f8                BME280_ReadDeviceID
 .text.BME280_Reset
                0x08001338       0xc2 ./Core/Src/BME280.o
                0x08001338                BME280_Reset
 *fill*         0x080013fa        0x2 
 .text.BME280_Init
                0x080013fc       0x7c ./Core/Src/BME280.o
                0x080013fc                BME280_Init
 .text.BME280_GoToFromSleep
                0x08001478       0x6c ./Core/Src/BME280.o
                0x08001478                BME280_GoToFromSleep
 .text.BME280_ReadCalibData
                0x080014e4      0x1bc ./Core/Src/BME280.o
                0x080014e4                BME280_ReadCalibData
 .text.BME280_TemperatureCompesation
                0x080016a0       0x72 ./Core/Src/BME280.o
                0x080016a0                BME280_TemperatureCompesation
 .text.BME280_PressureCompesation
                0x08001712      0x572 ./Core/Src/BME280.o
                0x08001712                BME280_PressureCompesation
 .text.BME280_HumidityCompesation
                0x08001c84       0xc0 ./Core/Src/BME280.o
                0x08001c84                BME280_HumidityCompesation
 .text.BME280_ReadAllData
                0x08001d44       0xe2 ./Core/Src/BME280.o
                0x08001d44                BME280_ReadAllData
 .text.BME280_ReadRegister
                0x08001e26       0x34 ./Core/Src/BME280.o
                0x08001e26                BME280_ReadRegister
 .text.BME280_ReadRegisters
                0x08001e5a       0x3c ./Core/Src/BME280.o
                0x08001e5a                BME280_ReadRegisters
 .text.BME280_WriteRegister
                0x08001e96       0x36 ./Core/Src/BME280.o
                0x08001e96                BME280_WriteRegister
 .text.GetPage  0x08001ecc       0x50 ./Core/Src/flash.o
 .text.Flash_Write_Data
                0x08001f1c       0xb0 ./Core/Src/flash.o
                0x08001f1c                Flash_Write_Data
 .text.Flash_Read_Data
                0x08001fcc       0x3a ./Core/Src/flash.o
                0x08001fcc                Flash_Read_Data
 *fill*         0x08002006        0x2 
 .text.__NVIC_ClearPendingIRQ
                0x08002008       0x3c ./Core/Src/main.o
 *fill*         0x08002044        0x4 
 .text.main     0x08002048      0x900 ./Core/Src/main.o
                0x08002048                main
 .text.SystemClock_Config
                0x08002948       0xcc ./Core/Src/main.o
                0x08002948                SystemClock_Config
 .text.MX_ADC_Init
                0x08002a14       0xb0 ./Core/Src/main.o
 .text.MX_I2C1_Init
                0x08002ac4       0x5c ./Core/Src/main.o
 .text.MX_I2C2_Init
                0x08002b20       0x5c ./Core/Src/main.o
 .text.MX_RTC_Init
                0x08002b7c      0x110 ./Core/Src/main.o
 .text.MX_SPI1_Init
                0x08002c8c       0x60 ./Core/Src/main.o
 .text.MX_SPI2_Init
                0x08002cec       0x60 ./Core/Src/main.o
 .text.MX_TIM2_Init
                0x08002d4c       0x98 ./Core/Src/main.o
 .text.MX_TIM3_Init
                0x08002de4       0x9c ./Core/Src/main.o
 .text.MX_USART1_UART_Init
                0x08002e80       0x54 ./Core/Src/main.o
 .text.MX_GPIO_Init
                0x08002ed4      0x1b8 ./Core/Src/main.o
 .text.HAL_RTC_AlarmAEventCallback
                0x0800308c       0x30 ./Core/Src/main.o
                0x0800308c                HAL_RTC_AlarmAEventCallback
 .text.HAL_TIM_PeriodElapsedCallback
                0x080030bc       0x68 ./Core/Src/main.o
                0x080030bc                HAL_TIM_PeriodElapsedCallback
 .text.HAL_ADC_ConvCpltCallback
                0x08003124       0x48 ./Core/Src/main.o
                0x08003124                HAL_ADC_ConvCpltCallback
 *fill*         0x0800316c        0x4 
 .text.ADC_Read_Battery
                0x08003170       0x6c ./Core/Src/main.o
                0x08003170                ADC_Read_Battery
 .text.RFM95W_Struct_Init
                0x080031dc       0xc4 ./Core/Src/main.o
                0x080031dc                RFM95W_Struct_Init
 .text.HAL_GPIO_EXTI_Callback
                0x080032a0       0x58 ./Core/Src/main.o
                0x080032a0                HAL_GPIO_EXTI_Callback
 .text.random_int
                0x080032f8       0x24 ./Core/Src/main.o
 .text.get_precision_tick
                0x0800331c       0x30 ./Core/Src/main.o
 .text.ADC_Read_EHum
                0x0800334c       0x50 ./Core/Src/main.o
                0x0800334c                ADC_Read_EHum
 .text.Error_Handler
                0x0800339c        0xc ./Core/Src/main.o
                0x0800339c                Error_Handler
 .text.read_register
                0x080033a8       0x78 ./Core/Src/rfm95.o
 .text.write_register
                0x08003420       0x62 ./Core/Src/rfm95.o
 *fill*         0x08003482        0x2 
 .text.config_set_channel
                0x08003484       0x60 ./Core/Src/rfm95.o
 .text.config_load_default
                0x080034e4       0x64 ./Core/Src/rfm95.o
 .text.reset    0x08003548       0x3c ./Core/Src/rfm95.o
 .text.configure_frequency
                0x08003584       0xb8 ./Core/Src/rfm95.o
 .text.configure_channel
                0x0800363c       0x54 ./Core/Src/rfm95.o
 .text.wait_for_irq
                0x08003690       0x60 ./Core/Src/rfm95.o
 .text.wait_for_rx_irqs
                0x080036f0       0x6c ./Core/Src/rfm95.o
 .text.rfm95_set_power
                0x0800375c       0xe4 ./Core/Src/rfm95.o
                0x0800375c                rfm95_set_power
 .text.rfm95_init
                0x08003840      0x290 ./Core/Src/rfm95.o
                0x08003840                rfm95_init
 .text.rfm95_goto_sleep
                0x08003ad0       0x2c ./Core/Src/rfm95.o
                0x08003ad0                rfm95_goto_sleep
 .text.process_mac_commands
                0x08003afc      0x380 ./Core/Src/rfm95.o
 .text.receive_at_scheduled_time
                0x08003e7c       0xc4 ./Core/Src/rfm95.o
 .text.calculate_rx_timings
                0x08003f40       0xc8 ./Core/Src/rfm95.o
 .text.receive_package
                0x08004008      0x2e8 ./Core/Src/rfm95.o
 .text.send_package
                0x080042f0      0x1e4 ./Core/Src/rfm95.o
 .text.encode_phy_payload
                0x080044d4      0x16c ./Core/Src/rfm95.o
 .text.decode_phy_payload
                0x08004640      0x17c ./Core/Src/rfm95.o
 .text.select_random_channel
                0x080047bc       0x8a ./Core/Src/rfm95.o
 .text.rfm95_send_receive_cycle
                0x08004846      0x1d2 ./Core/Src/rfm95.o
                0x08004846                rfm95_send_receive_cycle
 .text.rfm95_on_interrupt
                0x08004a18       0x2a ./Core/Src/rfm95.o
                0x08004a18                rfm95_on_interrupt
 *fill*         0x08004a42        0x2 
 .text.HAL_MspInit
                0x08004a44       0x5c ./Core/Src/stm32l1xx_hal_msp.o
                0x08004a44                HAL_MspInit
 .text.HAL_ADC_MspInit
                0x08004aa0       0x90 ./Core/Src/stm32l1xx_hal_msp.o
                0x08004aa0                HAL_ADC_MspInit
 .text.HAL_ADC_MspDeInit
                0x08004b30       0x40 ./Core/Src/stm32l1xx_hal_msp.o
                0x08004b30                HAL_ADC_MspDeInit
 .text.HAL_I2C_MspInit
                0x08004b70      0x118 ./Core/Src/stm32l1xx_hal_msp.o
                0x08004b70                HAL_I2C_MspInit
 .text.HAL_RTC_MspInit
                0x08004c88       0x38 ./Core/Src/stm32l1xx_hal_msp.o
                0x08004c88                HAL_RTC_MspInit
 .text.HAL_SPI_MspInit
                0x08004cc0       0xec ./Core/Src/stm32l1xx_hal_msp.o
                0x08004cc0                HAL_SPI_MspInit
 .text.HAL_TIM_Base_MspInit
                0x08004dac       0x80 ./Core/Src/stm32l1xx_hal_msp.o
                0x08004dac                HAL_TIM_Base_MspInit
 .text.HAL_UART_MspInit
                0x08004e2c       0x88 ./Core/Src/stm32l1xx_hal_msp.o
                0x08004e2c                HAL_UART_MspInit
 .text.NMI_Handler
                0x08004eb4        0x8 ./Core/Src/stm32l1xx_it.o
                0x08004eb4                NMI_Handler
 .text.HardFault_Handler
                0x08004ebc        0x8 ./Core/Src/stm32l1xx_it.o
                0x08004ebc                HardFault_Handler
 .text.MemManage_Handler
                0x08004ec4        0x8 ./Core/Src/stm32l1xx_it.o
                0x08004ec4                MemManage_Handler
 .text.BusFault_Handler
                0x08004ecc        0x8 ./Core/Src/stm32l1xx_it.o
                0x08004ecc                BusFault_Handler
 .text.UsageFault_Handler
                0x08004ed4        0x8 ./Core/Src/stm32l1xx_it.o
                0x08004ed4                UsageFault_Handler
 .text.SVC_Handler
                0x08004edc        0xc ./Core/Src/stm32l1xx_it.o
                0x08004edc                SVC_Handler
 .text.DebugMon_Handler
                0x08004ee8        0xc ./Core/Src/stm32l1xx_it.o
                0x08004ee8                DebugMon_Handler
 .text.PendSV_Handler
                0x08004ef4        0xc ./Core/Src/stm32l1xx_it.o
                0x08004ef4                PendSV_Handler
 .text.SysTick_Handler
                0x08004f00        0xc ./Core/Src/stm32l1xx_it.o
                0x08004f00                SysTick_Handler
 .text.EXTI1_IRQHandler
                0x08004f0c        0xe ./Core/Src/stm32l1xx_it.o
                0x08004f0c                EXTI1_IRQHandler
 .text.EXTI3_IRQHandler
                0x08004f1a        0xe ./Core/Src/stm32l1xx_it.o
                0x08004f1a                EXTI3_IRQHandler
 .text.ADC1_IRQHandler
                0x08004f28       0x14 ./Core/Src/stm32l1xx_it.o
                0x08004f28                ADC1_IRQHandler
 .text.TIM2_IRQHandler
                0x08004f3c       0x14 ./Core/Src/stm32l1xx_it.o
                0x08004f3c                TIM2_IRQHandler
 .text.TIM3_IRQHandler
                0x08004f50       0x14 ./Core/Src/stm32l1xx_it.o
                0x08004f50                TIM3_IRQHandler
 .text.I2C1_EV_IRQHandler
                0x08004f64       0x14 ./Core/Src/stm32l1xx_it.o
                0x08004f64                I2C1_EV_IRQHandler
 .text.I2C1_ER_IRQHandler
                0x08004f78       0x14 ./Core/Src/stm32l1xx_it.o
                0x08004f78                I2C1_ER_IRQHandler
 .text.I2C2_EV_IRQHandler
                0x08004f8c       0x14 ./Core/Src/stm32l1xx_it.o
                0x08004f8c                I2C2_EV_IRQHandler
 .text.RTC_Alarm_IRQHandler
                0x08004fa0       0x14 ./Core/Src/stm32l1xx_it.o
                0x08004fa0                RTC_Alarm_IRQHandler
 .text._getpid  0x08004fb4        0xe ./Core/Src/syscalls.o
                0x08004fb4                _getpid
 .text._kill    0x08004fc2       0x20 ./Core/Src/syscalls.o
                0x08004fc2                _kill
 .text._exit    0x08004fe2       0x16 ./Core/Src/syscalls.o
                0x08004fe2                _exit
 .text._read    0x08004ff8       0x3a ./Core/Src/syscalls.o
                0x08004ff8                _read
 .text._write   0x08005032       0x38 ./Core/Src/syscalls.o
                0x08005032                _write
 .text._close   0x0800506a       0x16 ./Core/Src/syscalls.o
                0x0800506a                _close
 .text._fstat   0x08005080       0x1e ./Core/Src/syscalls.o
                0x08005080                _fstat
 .text._isatty  0x0800509e       0x14 ./Core/Src/syscalls.o
                0x0800509e                _isatty
 .text._lseek   0x080050b2       0x18 ./Core/Src/syscalls.o
                0x080050b2                _lseek
 *fill*         0x080050ca        0x2 
 .text._sbrk    0x080050cc       0x6c ./Core/Src/sysmem.o
                0x080050cc                _sbrk
 .text.SystemInit
                0x08005138        0xc ./Core/Src/system_stm32l1xx.o
                0x08005138                SystemInit
 .text.Reset_Handler
                0x08005144       0x48 ./Core/Startup/startup_stm32l151c8tx.o
                0x08005144                Reset_Handler
 .text.Default_Handler
                0x0800518c        0x2 ./Core/Startup/startup_stm32l151c8tx.o
                0x0800518c                EXTI2_IRQHandler
                0x0800518c                TIM10_IRQHandler
                0x0800518c                USB_HP_IRQHandler
                0x0800518c                TIM6_IRQHandler
                0x0800518c                PVD_IRQHandler
                0x0800518c                EXTI0_IRQHandler
                0x0800518c                SPI1_IRQHandler
                0x0800518c                USB_FS_WKUP_IRQHandler
                0x0800518c                DMA1_Channel4_IRQHandler
                0x0800518c                USART3_IRQHandler
                0x0800518c                DMA1_Channel7_IRQHandler
                0x0800518c                TIM4_IRQHandler
                0x0800518c                DMA1_Channel6_IRQHandler
                0x0800518c                RCC_IRQHandler
                0x0800518c                DMA1_Channel1_IRQHandler
                0x0800518c                Default_Handler
                0x0800518c                EXTI15_10_IRQHandler
                0x0800518c                TIM7_IRQHandler
                0x0800518c                EXTI9_5_IRQHandler
                0x0800518c                TIM9_IRQHandler
                0x0800518c                TAMPER_STAMP_IRQHandler
                0x0800518c                RTC_WKUP_IRQHandler
                0x0800518c                SPI2_IRQHandler
                0x0800518c                DMA1_Channel5_IRQHandler
                0x0800518c                USB_LP_IRQHandler
                0x0800518c                EXTI4_IRQHandler
                0x0800518c                DMA1_Channel3_IRQHandler
                0x0800518c                COMP_IRQHandler
                0x0800518c                WWDG_IRQHandler
                0x0800518c                DAC_IRQHandler
                0x0800518c                TIM11_IRQHandler
                0x0800518c                USART2_IRQHandler
                0x0800518c                I2C2_ER_IRQHandler
                0x0800518c                DMA1_Channel2_IRQHandler
                0x0800518c                FLASH_IRQHandler
                0x0800518c                USART1_IRQHandler
 .text.HAL_Init
                0x0800518e       0x30 ./Drivers/STM32L1xx_HAL_Driver/Src/stm32l1xx_hal.o
                0x0800518e                HAL_Init
 *fill*         0x080051be        0x2 
 .text.HAL_InitTick
                0x080051c0       0x74 ./Drivers/STM32L1xx_HAL_Driver/Src/stm32l1xx_hal.o
                0x080051c0                HAL_InitTick
 .text.HAL_IncTick
                0x08005234       0x24 ./Drivers/STM32L1xx_HAL_Driver/Src/stm32l1xx_hal.o
                0x08005234                HAL_IncTick
 .text.HAL_GetTick
                0x08005258       0x14 ./Drivers/STM32L1xx_HAL_Driver/Src/stm32l1xx_hal.o
                0x08005258                HAL_GetTick
 .text.HAL_Delay
                0x0800526c       0x44 ./Drivers/STM32L1xx_HAL_Driver/Src/stm32l1xx_hal.o
                0x0800526c                HAL_Delay
 .text.HAL_SuspendTick
                0x080052b0       0x1c ./Drivers/STM32L1xx_HAL_Driver/Src/stm32l1xx_hal.o
                0x080052b0                HAL_SuspendTick
 .text.HAL_ResumeTick
                0x080052cc       0x1c ./Drivers/STM32L1xx_HAL_Driver/Src/stm32l1xx_hal.o
                0x080052cc                HAL_ResumeTick
 .text.HAL_DBGMCU_DisableDBGStopMode
                0x080052e8       0x1c ./Drivers/STM32L1xx_HAL_Driver/Src/stm32l1xx_hal.o
                0x080052e8                HAL_DBGMCU_DisableDBGStopMode
 .text.HAL_ADC_Init
                0x08005304      0x28c ./Drivers/STM32L1xx_HAL_Driver/Src/stm32l1xx_hal_adc.o
                0x08005304                HAL_ADC_Init
 .text.HAL_ADC_DeInit
                0x08005590      0x1a8 ./Drivers/STM32L1xx_HAL_Driver/Src/stm32l1xx_hal_adc.o
                0x08005590                HAL_ADC_DeInit
 .text.HAL_ADC_Start
                0x08005738       0xc0 ./Drivers/STM32L1xx_HAL_Driver/Src/stm32l1xx_hal_adc.o
                0x08005738                HAL_ADC_Start
 .text.HAL_ADC_Stop
                0x080057f8       0x58 ./Drivers/STM32L1xx_HAL_Driver/Src/stm32l1xx_hal_adc.o
                0x080057f8                HAL_ADC_Stop
 .text.HAL_ADC_Start_IT
                0x08005850       0xd4 ./Drivers/STM32L1xx_HAL_Driver/Src/stm32l1xx_hal_adc.o
                0x08005850                HAL_ADC_Start_IT
 .text.HAL_ADC_Stop_IT
                0x08005924       0x68 ./Drivers/STM32L1xx_HAL_Driver/Src/stm32l1xx_hal_adc.o
                0x08005924                HAL_ADC_Stop_IT
 .text.HAL_ADC_GetValue
                0x0800598c       0x18 ./Drivers/STM32L1xx_HAL_Driver/Src/stm32l1xx_hal_adc.o
                0x0800598c                HAL_ADC_GetValue
 .text.HAL_ADC_IRQHandler
                0x080059a4      0x1ee ./Drivers/STM32L1xx_HAL_Driver/Src/stm32l1xx_hal_adc.o
                0x080059a4                HAL_ADC_IRQHandler
 .text.HAL_ADC_LevelOutOfWindowCallback
                0x08005b92       0x12 ./Drivers/STM32L1xx_HAL_Driver/Src/stm32l1xx_hal_adc.o
                0x08005b92                HAL_ADC_LevelOutOfWindowCallback
 .text.HAL_ADC_ErrorCallback
                0x08005ba4       0x12 ./Drivers/STM32L1xx_HAL_Driver/Src/stm32l1xx_hal_adc.o
                0x08005ba4                HAL_ADC_ErrorCallback
 *fill*         0x08005bb6        0x2 
 .text.HAL_ADC_ConfigChannel
                0x08005bb8      0x2a0 ./Drivers/STM32L1xx_HAL_Driver/Src/stm32l1xx_hal_adc.o
                0x08005bb8                HAL_ADC_ConfigChannel
 .text.ADC_Enable
                0x08005e58       0xb8 ./Drivers/STM32L1xx_HAL_Driver/Src/stm32l1xx_hal_adc.o
                0x08005e58                ADC_Enable
 .text.ADC_ConversionStop_Disable
                0x08005f10       0x82 ./Drivers/STM32L1xx_HAL_Driver/Src/stm32l1xx_hal_adc.o
                0x08005f10                ADC_ConversionStop_Disable
 .text.HAL_ADCEx_InjectedConvCpltCallback
                0x08005f92       0x12 ./Drivers/STM32L1xx_HAL_Driver/Src/stm32l1xx_hal_adc_ex.o
                0x08005f92                HAL_ADCEx_InjectedConvCpltCallback
 .text.__NVIC_SetPriorityGrouping
                0x08005fa4       0x48 ./Drivers/STM32L1xx_HAL_Driver/Src/stm32l1xx_hal_cortex.o
 .text.__NVIC_GetPriorityGrouping
                0x08005fec       0x1c ./Drivers/STM32L1xx_HAL_Driver/Src/stm32l1xx_hal_cortex.o
 .text.__NVIC_EnableIRQ
                0x08006008       0x38 ./Drivers/STM32L1xx_HAL_Driver/Src/stm32l1xx_hal_cortex.o
 .text.__NVIC_DisableIRQ
                0x08006040       0x48 ./Drivers/STM32L1xx_HAL_Driver/Src/stm32l1xx_hal_cortex.o
 .text.__NVIC_SetPriority
                0x08006088       0x54 ./Drivers/STM32L1xx_HAL_Driver/Src/stm32l1xx_hal_cortex.o
 .text.NVIC_EncodePriority
                0x080060dc       0x64 ./Drivers/STM32L1xx_HAL_Driver/Src/stm32l1xx_hal_cortex.o
 .text.SysTick_Config
                0x08006140       0x44 ./Drivers/STM32L1xx_HAL_Driver/Src/stm32l1xx_hal_cortex.o
 .text.HAL_NVIC_SetPriorityGrouping
                0x08006184       0x16 ./Drivers/STM32L1xx_HAL_Driver/Src/stm32l1xx_hal_cortex.o
                0x08006184                HAL_NVIC_SetPriorityGrouping
 .text.HAL_NVIC_SetPriority
                0x0800619a       0x38 ./Drivers/STM32L1xx_HAL_Driver/Src/stm32l1xx_hal_cortex.o
                0x0800619a                HAL_NVIC_SetPriority
 .text.HAL_NVIC_EnableIRQ
                0x080061d2       0x1c ./Drivers/STM32L1xx_HAL_Driver/Src/stm32l1xx_hal_cortex.o
                0x080061d2                HAL_NVIC_EnableIRQ
 .text.HAL_NVIC_DisableIRQ
                0x080061ee       0x1c ./Drivers/STM32L1xx_HAL_Driver/Src/stm32l1xx_hal_cortex.o
                0x080061ee                HAL_NVIC_DisableIRQ
 .text.HAL_SYSTICK_Config
                0x0800620a       0x18 ./Drivers/STM32L1xx_HAL_Driver/Src/stm32l1xx_hal_cortex.o
                0x0800620a                HAL_SYSTICK_Config
 .text.HAL_DMA_Abort_IT
                0x08006222       0x82 ./Drivers/STM32L1xx_HAL_Driver/Src/stm32l1xx_hal_dma.o
                0x08006222                HAL_DMA_Abort_IT
 .text.HAL_DMA_GetState
                0x080062a4       0x1a ./Drivers/STM32L1xx_HAL_Driver/Src/stm32l1xx_hal_dma.o
                0x080062a4                HAL_DMA_GetState
 *fill*         0x080062be        0x2 
 .text.HAL_FLASH_Program
                0x080062c0       0x5c ./Drivers/STM32L1xx_HAL_Driver/Src/stm32l1xx_hal_flash.o
                0x080062c0                HAL_FLASH_Program
 .text.HAL_FLASH_Unlock
                0x0800631c       0x74 ./Drivers/STM32L1xx_HAL_Driver/Src/stm32l1xx_hal_flash.o
                0x0800631c                HAL_FLASH_Unlock
 .text.HAL_FLASH_Lock
                0x08006390       0x20 ./Drivers/STM32L1xx_HAL_Driver/Src/stm32l1xx_hal_flash.o
                0x08006390                HAL_FLASH_Lock
 .text.HAL_FLASH_GetError
                0x080063b0       0x14 ./Drivers/STM32L1xx_HAL_Driver/Src/stm32l1xx_hal_flash.o
                0x080063b0                HAL_FLASH_GetError
 .text.FLASH_WaitForLastOperation
                0x080063c4       0xa0 ./Drivers/STM32L1xx_HAL_Driver/Src/stm32l1xx_hal_flash.o
                0x080063c4                FLASH_WaitForLastOperation
 .text.FLASH_SetErrorCode
                0x08006464       0xac ./Drivers/STM32L1xx_HAL_Driver/Src/stm32l1xx_hal_flash.o
 .text.HAL_FLASHEx_Erase
                0x08006510       0xac ./Drivers/STM32L1xx_HAL_Driver/Src/stm32l1xx_hal_flash_ex.o
                0x08006510                HAL_FLASHEx_Erase
 .text.FLASH_PageErase
                0x080065bc       0x44 ./Drivers/STM32L1xx_HAL_Driver/Src/stm32l1xx_hal_flash_ex.o
                0x080065bc                FLASH_PageErase
 .text.HAL_GPIO_Init
                0x08006600      0x300 ./Drivers/STM32L1xx_HAL_Driver/Src/stm32l1xx_hal_gpio.o
                0x08006600                HAL_GPIO_Init
 .text.HAL_GPIO_DeInit
                0x08006900      0x1c0 ./Drivers/STM32L1xx_HAL_Driver/Src/stm32l1xx_hal_gpio.o
                0x08006900                HAL_GPIO_DeInit
 .text.HAL_GPIO_WritePin
                0x08006ac0       0x30 ./Drivers/STM32L1xx_HAL_Driver/Src/stm32l1xx_hal_gpio.o
                0x08006ac0                HAL_GPIO_WritePin
 .text.HAL_GPIO_EXTI_IRQHandler
                0x08006af0       0x30 ./Drivers/STM32L1xx_HAL_Driver/Src/stm32l1xx_hal_gpio.o
                0x08006af0                HAL_GPIO_EXTI_IRQHandler
 .text.HAL_I2C_Init
                0x08006b20      0x288 ./Drivers/STM32L1xx_HAL_Driver/Src/stm32l1xx_hal_i2c.o
                0x08006b20                HAL_I2C_Init
 .text.I2C_Flush_DR
                0x08006da8       0x28 ./Drivers/STM32L1xx_HAL_Driver/Src/stm32l1xx_hal_i2c.o
 .text.HAL_I2C_Mem_Write
                0x08006dd0      0x1f4 ./Drivers/STM32L1xx_HAL_Driver/Src/stm32l1xx_hal_i2c.o
                0x08006dd0                HAL_I2C_Mem_Write
 .text.HAL_I2C_Mem_Read
                0x08006fc4      0x464 ./Drivers/STM32L1xx_HAL_Driver/Src/stm32l1xx_hal_i2c.o
                0x08006fc4                HAL_I2C_Mem_Read
 .text.HAL_I2C_EV_IRQHandler
                0x08007428      0x2e2 ./Drivers/STM32L1xx_HAL_Driver/Src/stm32l1xx_hal_i2c.o
                0x08007428                HAL_I2C_EV_IRQHandler
 .text.HAL_I2C_ER_IRQHandler
                0x0800770a      0x14e ./Drivers/STM32L1xx_HAL_Driver/Src/stm32l1xx_hal_i2c.o
                0x0800770a                HAL_I2C_ER_IRQHandler
 .text.HAL_I2C_MasterTxCpltCallback
                0x08007858       0x12 ./Drivers/STM32L1xx_HAL_Driver/Src/stm32l1xx_hal_i2c.o
                0x08007858                HAL_I2C_MasterTxCpltCallback
 .text.HAL_I2C_MasterRxCpltCallback
                0x0800786a       0x12 ./Drivers/STM32L1xx_HAL_Driver/Src/stm32l1xx_hal_i2c.o
                0x0800786a                HAL_I2C_MasterRxCpltCallback
 .text.HAL_I2C_SlaveTxCpltCallback
                0x0800787c       0x12 ./Drivers/STM32L1xx_HAL_Driver/Src/stm32l1xx_hal_i2c.o
                0x0800787c                HAL_I2C_SlaveTxCpltCallback
 .text.HAL_I2C_SlaveRxCpltCallback
                0x0800788e       0x12 ./Drivers/STM32L1xx_HAL_Driver/Src/stm32l1xx_hal_i2c.o
                0x0800788e                HAL_I2C_SlaveRxCpltCallback
 .text.HAL_I2C_AddrCallback
                0x080078a0       0x1a ./Drivers/STM32L1xx_HAL_Driver/Src/stm32l1xx_hal_i2c.o
                0x080078a0                HAL_I2C_AddrCallback
 .text.HAL_I2C_ListenCpltCallback
                0x080078ba       0x12 ./Drivers/STM32L1xx_HAL_Driver/Src/stm32l1xx_hal_i2c.o
                0x080078ba                HAL_I2C_ListenCpltCallback
 .text.HAL_I2C_MemTxCpltCallback
                0x080078cc       0x12 ./Drivers/STM32L1xx_HAL_Driver/Src/stm32l1xx_hal_i2c.o
                0x080078cc                HAL_I2C_MemTxCpltCallback
 .text.HAL_I2C_MemRxCpltCallback
                0x080078de       0x12 ./Drivers/STM32L1xx_HAL_Driver/Src/stm32l1xx_hal_i2c.o
                0x080078de                HAL_I2C_MemRxCpltCallback
 .text.HAL_I2C_ErrorCallback
                0x080078f0       0x12 ./Drivers/STM32L1xx_HAL_Driver/Src/stm32l1xx_hal_i2c.o
                0x080078f0                HAL_I2C_ErrorCallback
 .text.HAL_I2C_AbortCpltCallback
                0x08007902       0x12 ./Drivers/STM32L1xx_HAL_Driver/Src/stm32l1xx_hal_i2c.o
                0x08007902                HAL_I2C_AbortCpltCallback
 .text.I2C_MasterTransmit_TXE
                0x08007914      0x138 ./Drivers/STM32L1xx_HAL_Driver/Src/stm32l1xx_hal_i2c.o
 .text.I2C_MasterTransmit_BTF
                0x08007a4c       0xec ./Drivers/STM32L1xx_HAL_Driver/Src/stm32l1xx_hal_i2c.o
 .text.I2C_MemoryTransmit_TXE_BTF
                0x08007b38      0x130 ./Drivers/STM32L1xx_HAL_Driver/Src/stm32l1xx_hal_i2c.o
 .text.I2C_MasterReceive_RXNE
                0x08007c68      0x190 ./Drivers/STM32L1xx_HAL_Driver/Src/stm32l1xx_hal_i2c.o
 .text.I2C_MasterReceive_BTF
                0x08007df8      0x1e2 ./Drivers/STM32L1xx_HAL_Driver/Src/stm32l1xx_hal_i2c.o
 .text.I2C_Master_SB
                0x08007fda      0x10a ./Drivers/STM32L1xx_HAL_Driver/Src/stm32l1xx_hal_i2c.o
 .text.I2C_Master_ADD10
                0x080080e4       0x52 ./Drivers/STM32L1xx_HAL_Driver/Src/stm32l1xx_hal_i2c.o
 .text.I2C_Master_ADDR
                0x08008136      0x320 ./Drivers/STM32L1xx_HAL_Driver/Src/stm32l1xx_hal_i2c.o
 .text.I2C_SlaveTransmit_TXE
                0x08008456       0x7a ./Drivers/STM32L1xx_HAL_Driver/Src/stm32l1xx_hal_i2c.o
 .text.I2C_SlaveTransmit_BTF
                0x080084d0       0x40 ./Drivers/STM32L1xx_HAL_Driver/Src/stm32l1xx_hal_i2c.o
 .text.I2C_SlaveReceive_RXNE
                0x08008510       0x7c ./Drivers/STM32L1xx_HAL_Driver/Src/stm32l1xx_hal_i2c.o
 .text.I2C_SlaveReceive_BTF
                0x0800858c       0x42 ./Drivers/STM32L1xx_HAL_Driver/Src/stm32l1xx_hal_i2c.o
 .text.I2C_Slave_ADDR
                0x080085ce       0x94 ./Drivers/STM32L1xx_HAL_Driver/Src/stm32l1xx_hal_i2c.o
 *fill*         0x08008662        0x2 
 .text.I2C_Slave_STOPF
                0x08008664      0x260 ./Drivers/STM32L1xx_HAL_Driver/Src/stm32l1xx_hal_i2c.o
 .text.I2C_Slave_AF
                0x080088c4       0xe8 ./Drivers/STM32L1xx_HAL_Driver/Src/stm32l1xx_hal_i2c.o
 .text.I2C_ITError
                0x080089ac      0x264 ./Drivers/STM32L1xx_HAL_Driver/Src/stm32l1xx_hal_i2c.o
 .text.I2C_RequestMemoryWrite
                0x08008c10      0x12c ./Drivers/STM32L1xx_HAL_Driver/Src/stm32l1xx_hal_i2c.o
 .text.I2C_RequestMemoryRead
                0x08008d3c      0x1d0 ./Drivers/STM32L1xx_HAL_Driver/Src/stm32l1xx_hal_i2c.o
 .text.I2C_DMAAbort
                0x08008f0c      0x150 ./Drivers/STM32L1xx_HAL_Driver/Src/stm32l1xx_hal_i2c.o
 .text.I2C_WaitOnFlagUntilTimeout
                0x0800905c       0xf4 ./Drivers/STM32L1xx_HAL_Driver/Src/stm32l1xx_hal_i2c.o
 .text.I2C_WaitOnMasterAddressFlagUntilTimeout
                0x08009150      0x140 ./Drivers/STM32L1xx_HAL_Driver/Src/stm32l1xx_hal_i2c.o
 .text.I2C_WaitOnTXEFlagUntilTimeout
                0x08009290       0x90 ./Drivers/STM32L1xx_HAL_Driver/Src/stm32l1xx_hal_i2c.o
 .text.I2C_WaitOnBTFFlagUntilTimeout
                0x08009320       0x90 ./Drivers/STM32L1xx_HAL_Driver/Src/stm32l1xx_hal_i2c.o
 .text.I2C_WaitOnSTOPRequestThroughIT
                0x080093b0       0x64 ./Drivers/STM32L1xx_HAL_Driver/Src/stm32l1xx_hal_i2c.o
 .text.I2C_WaitOnRXNEFlagUntilTimeout
                0x08009414       0xba ./Drivers/STM32L1xx_HAL_Driver/Src/stm32l1xx_hal_i2c.o
 .text.I2C_IsAcknowledgeFailed
                0x080094ce       0x5c ./Drivers/STM32L1xx_HAL_Driver/Src/stm32l1xx_hal_i2c.o
 .text.I2C_ConvertOtherXferOptions
                0x0800952a       0x34 ./Drivers/STM32L1xx_HAL_Driver/Src/stm32l1xx_hal_i2c.o
 *fill*         0x0800955e        0x2 
 .text.HAL_PWR_EnterSTOPMode
                0x08009560       0x58 ./Drivers/STM32L1xx_HAL_Driver/Src/stm32l1xx_hal_pwr.o
                0x08009560                HAL_PWR_EnterSTOPMode
 .text.HAL_PWREx_EnableUltraLowPower
                0x080095b8       0x36 ./Drivers/STM32L1xx_HAL_Driver/Src/stm32l1xx_hal_pwr_ex.o
                0x080095b8                HAL_PWREx_EnableUltraLowPower
 *fill*         0x080095ee        0x2 
 .text.HAL_RCC_OscConfig
                0x080095f0      0x660 ./Drivers/STM32L1xx_HAL_Driver/Src/stm32l1xx_hal_rcc.o
                0x080095f0                HAL_RCC_OscConfig
 .text.HAL_RCC_ClockConfig
                0x08009c50      0x268 ./Drivers/STM32L1xx_HAL_Driver/Src/stm32l1xx_hal_rcc.o
                0x08009c50                HAL_RCC_ClockConfig
 .text.HAL_RCC_GetSysClockFreq
                0x08009eb8      0x17c ./Drivers/STM32L1xx_HAL_Driver/Src/stm32l1xx_hal_rcc.o
                0x08009eb8                HAL_RCC_GetSysClockFreq
 .text.HAL_RCC_GetHCLKFreq
                0x0800a034       0x14 ./Drivers/STM32L1xx_HAL_Driver/Src/stm32l1xx_hal_rcc.o
                0x0800a034                HAL_RCC_GetHCLKFreq
 .text.HAL_RCC_GetPCLK1Freq
                0x0800a048       0x28 ./Drivers/STM32L1xx_HAL_Driver/Src/stm32l1xx_hal_rcc.o
                0x0800a048                HAL_RCC_GetPCLK1Freq
 .text.HAL_RCC_GetPCLK2Freq
                0x0800a070       0x28 ./Drivers/STM32L1xx_HAL_Driver/Src/stm32l1xx_hal_rcc.o
                0x0800a070                HAL_RCC_GetPCLK2Freq
 .text.RCC_SetFlashLatencyFromMSIRange
                0x0800a098       0xc0 ./Drivers/STM32L1xx_HAL_Driver/Src/stm32l1xx_hal_rcc.o
 .text.HAL_RCCEx_PeriphCLKConfig
                0x0800a158      0x19c ./Drivers/STM32L1xx_HAL_Driver/Src/stm32l1xx_hal_rcc_ex.o
                0x0800a158                HAL_RCCEx_PeriphCLKConfig
 .text.HAL_RTC_Init
                0x0800a2f4      0x102 ./Drivers/STM32L1xx_HAL_Driver/Src/stm32l1xx_hal_rtc.o
                0x0800a2f4                HAL_RTC_Init
 .text.HAL_RTC_SetTime
                0x0800a3f6      0x134 ./Drivers/STM32L1xx_HAL_Driver/Src/stm32l1xx_hal_rtc.o
                0x0800a3f6                HAL_RTC_SetTime
 .text.HAL_RTC_GetTime
                0x0800a52a       0xa4 ./Drivers/STM32L1xx_HAL_Driver/Src/stm32l1xx_hal_rtc.o
                0x0800a52a                HAL_RTC_GetTime
 .text.HAL_RTC_SetDate
                0x0800a5ce      0x108 ./Drivers/STM32L1xx_HAL_Driver/Src/stm32l1xx_hal_rtc.o
                0x0800a5ce                HAL_RTC_SetDate
 .text.HAL_RTC_GetDate
                0x0800a6d6       0x9e ./Drivers/STM32L1xx_HAL_Driver/Src/stm32l1xx_hal_rtc.o
                0x0800a6d6                HAL_RTC_GetDate
 .text.HAL_RTC_SetAlarm_IT
                0x0800a774      0x264 ./Drivers/STM32L1xx_HAL_Driver/Src/stm32l1xx_hal_rtc.o
                0x0800a774                HAL_RTC_SetAlarm_IT
 .text.HAL_RTC_DeactivateAlarm
                0x0800a9d8      0x11a ./Drivers/STM32L1xx_HAL_Driver/Src/stm32l1xx_hal_rtc.o
                0x0800a9d8                HAL_RTC_DeactivateAlarm
 *fill*         0x0800aaf2        0x2 
 .text.HAL_RTC_AlarmIRQHandler
                0x0800aaf4       0x8c ./Drivers/STM32L1xx_HAL_Driver/Src/stm32l1xx_hal_rtc.o
                0x0800aaf4                HAL_RTC_AlarmIRQHandler
 .text.HAL_RTC_WaitForSynchro
                0x0800ab80       0x4a ./Drivers/STM32L1xx_HAL_Driver/Src/stm32l1xx_hal_rtc.o
                0x0800ab80                HAL_RTC_WaitForSynchro
 .text.RTC_EnterInitMode
                0x0800abca       0x6e ./Drivers/STM32L1xx_HAL_Driver/Src/stm32l1xx_hal_rtc.o
                0x0800abca                RTC_EnterInitMode
 .text.RTC_ExitInitMode
                0x0800ac38       0x3c ./Drivers/STM32L1xx_HAL_Driver/Src/stm32l1xx_hal_rtc.o
                0x0800ac38                RTC_ExitInitMode
 .text.RTC_ByteToBcd2
                0x0800ac74       0x3a ./Drivers/STM32L1xx_HAL_Driver/Src/stm32l1xx_hal_rtc.o
                0x0800ac74                RTC_ByteToBcd2
 .text.RTC_Bcd2ToByte
                0x0800acae       0x3a ./Drivers/STM32L1xx_HAL_Driver/Src/stm32l1xx_hal_rtc.o
                0x0800acae                RTC_Bcd2ToByte
 .text.HAL_RTCEx_DeactivateWakeUpTimer
                0x0800ace8       0xb0 ./Drivers/STM32L1xx_HAL_Driver/Src/stm32l1xx_hal_rtc_ex.o
                0x0800ace8                HAL_RTCEx_DeactivateWakeUpTimer
 .text.HAL_RTCEx_AlarmBEventCallback
                0x0800ad98       0x12 ./Drivers/STM32L1xx_HAL_Driver/Src/stm32l1xx_hal_rtc_ex.o
                0x0800ad98                HAL_RTCEx_AlarmBEventCallback
 .text.HAL_SPI_Init
                0x0800adaa       0xf8 ./Drivers/STM32L1xx_HAL_Driver/Src/stm32l1xx_hal_spi.o
                0x0800adaa                HAL_SPI_Init
 .text.HAL_SPI_Transmit
                0x0800aea2      0x288 ./Drivers/STM32L1xx_HAL_Driver/Src/stm32l1xx_hal_spi.o
                0x0800aea2                HAL_SPI_Transmit
 .text.HAL_SPI_Receive
                0x0800b12a      0x232 ./Drivers/STM32L1xx_HAL_Driver/Src/stm32l1xx_hal_spi.o
                0x0800b12a                HAL_SPI_Receive
 .text.HAL_SPI_TransmitReceive
                0x0800b35c      0x352 ./Drivers/STM32L1xx_HAL_Driver/Src/stm32l1xx_hal_spi.o
                0x0800b35c                HAL_SPI_TransmitReceive
 *fill*         0x0800b6ae        0x2 
 .text.SPI_WaitFlagStateUntilTimeout
                0x0800b6b0      0x110 ./Drivers/STM32L1xx_HAL_Driver/Src/stm32l1xx_hal_spi.o
 .text.SPI_EndRxTransaction
                0x0800b7c0       0xca ./Drivers/STM32L1xx_HAL_Driver/Src/stm32l1xx_hal_spi.o
 *fill*         0x0800b88a        0x2 
 .text.SPI_EndRxTxTransaction
                0x0800b88c       0xa8 ./Drivers/STM32L1xx_HAL_Driver/Src/stm32l1xx_hal_spi.o
 .text.HAL_TIM_Base_Init
                0x0800b934       0x7e ./Drivers/STM32L1xx_HAL_Driver/Src/stm32l1xx_hal_tim.o
                0x0800b934                HAL_TIM_Base_Init
 *fill*         0x0800b9b2        0x2 
 .text.HAL_TIM_Base_Start_IT
                0x0800b9b4       0xa4 ./Drivers/STM32L1xx_HAL_Driver/Src/stm32l1xx_hal_tim.o
                0x0800b9b4                HAL_TIM_Base_Start_IT
 .text.HAL_TIM_Base_Stop_IT
                0x0800ba58       0x4c ./Drivers/STM32L1xx_HAL_Driver/Src/stm32l1xx_hal_tim.o
                0x0800ba58                HAL_TIM_Base_Stop_IT
 .text.HAL_TIM_IRQHandler
                0x0800baa4      0x198 ./Drivers/STM32L1xx_HAL_Driver/Src/stm32l1xx_hal_tim.o
                0x0800baa4                HAL_TIM_IRQHandler
 .text.HAL_TIM_ConfigClockSource
                0x0800bc3c      0x18e ./Drivers/STM32L1xx_HAL_Driver/Src/stm32l1xx_hal_tim.o
                0x0800bc3c                HAL_TIM_ConfigClockSource
 .text.HAL_TIM_OC_DelayElapsedCallback
                0x0800bdca       0x12 ./Drivers/STM32L1xx_HAL_Driver/Src/stm32l1xx_hal_tim.o
                0x0800bdca                HAL_TIM_OC_DelayElapsedCallback
 .text.HAL_TIM_IC_CaptureCallback
                0x0800bddc       0x12 ./Drivers/STM32L1xx_HAL_Driver/Src/stm32l1xx_hal_tim.o
                0x0800bddc                HAL_TIM_IC_CaptureCallback
 .text.HAL_TIM_PWM_PulseFinishedCallback
                0x0800bdee       0x12 ./Drivers/STM32L1xx_HAL_Driver/Src/stm32l1xx_hal_tim.o
                0x0800bdee                HAL_TIM_PWM_PulseFinishedCallback
 .text.HAL_TIM_TriggerCallback
                0x0800be00       0x12 ./Drivers/STM32L1xx_HAL_Driver/Src/stm32l1xx_hal_tim.o
                0x0800be00                HAL_TIM_TriggerCallback
 *fill*         0x0800be12        0x2 
 .text.TIM_Base_SetConfig
                0x0800be14       0xd0 ./Drivers/STM32L1xx_HAL_Driver/Src/stm32l1xx_hal_tim.o
 .text.TIM_TI1_ConfigInputStage
                0x0800bee4       0x5c ./Drivers/STM32L1xx_HAL_Driver/Src/stm32l1xx_hal_tim.o
 .text.TIM_TI2_ConfigInputStage
                0x0800bf40       0x5e ./Drivers/STM32L1xx_HAL_Driver/Src/stm32l1xx_hal_tim.o
 .text.TIM_ITRx_SetConfig
                0x0800bf9e       0x34 ./Drivers/STM32L1xx_HAL_Driver/Src/stm32l1xx_hal_tim.o
 .text.TIM_ETR_SetConfig
                0x0800bfd2       0x3e ./Drivers/STM32L1xx_HAL_Driver/Src/stm32l1xx_hal_tim.o
 .text.HAL_TIMEx_MasterConfigSynchronization
                0x0800c010       0xbc ./Drivers/STM32L1xx_HAL_Driver/Src/stm32l1xx_hal_tim_ex.o
                0x0800c010                HAL_TIMEx_MasterConfigSynchronization
 .text.HAL_UART_Init
                0x0800c0cc       0xa0 ./Drivers/STM32L1xx_HAL_Driver/Src/stm32l1xx_hal_uart.o
                0x0800c0cc                HAL_UART_Init
 .text.UART_SetConfig
                0x0800c16c      0x1c8 ./Drivers/STM32L1xx_HAL_Driver/Src/stm32l1xx_hal_uart.o
 .text.AES_Encrypt
                0x0800c334      0x1b8 ./Drivers/ideetron/AES-128_V10.o
                0x0800c334                AES_Encrypt
 .text.AES_Add_Round_Key
                0x0800c4ec       0x70 ./Drivers/ideetron/AES-128_V10.o
                0x0800c4ec                AES_Add_Round_Key
 .text.AES_Sub_Byte
                0x0800c55c       0x38 ./Drivers/ideetron/AES-128_V10.o
                0x0800c55c                AES_Sub_Byte
 .text.AES_Shift_Rows
                0x0800c594       0x84 ./Drivers/ideetron/AES-128_V10.o
                0x0800c594                AES_Shift_Rows
 .text.AES_Mix_Collums
                0x0800c618      0x12c ./Drivers/ideetron/AES-128_V10.o
                0x0800c618                AES_Mix_Collums
 .text.AES_Calculate_Round_Key
                0x0800c744      0x126 ./Drivers/ideetron/AES-128_V10.o
                0x0800c744                AES_Calculate_Round_Key
 .text.Encrypt_Payload
                0x0800c86a      0x168 ./Drivers/ideetron/Encrypt_V31.o
                0x0800c86a                Encrypt_Payload
 .text.Calculate_MIC
                0x0800c9d2      0x2fa ./Drivers/ideetron/Encrypt_V31.o
                0x0800c9d2                Calculate_MIC
 .text.Generate_Keys
                0x0800cccc       0xa6 ./Drivers/ideetron/Encrypt_V31.o
                0x0800cccc                Generate_Keys
 .text.Shift_Left
                0x0800cd72       0x6a ./Drivers/ideetron/Encrypt_V31.o
                0x0800cd72                Shift_Left
 .text.XOR      0x0800cddc       0x44 ./Drivers/ideetron/Encrypt_V31.o
                0x0800cddc                XOR
 .text.__assert_func
                0x0800ce20       0x3c C:/ST/STM32CubeIDE_1.18.1/STM32CubeIDE/plugins/com.st.stm32cube.ide.mcu.externaltools.gnu-tools-for-stm32.13.3.rel1.win32_1.0.0.202411081344/tools/bin/../lib/gcc/arm-none-eabi/13.3.1/../../../../arm-none-eabi/lib/thumb/v7-m/nofp\libc_nano.a(libc_a-assert.o)
                0x0800ce20                __assert_func
 .text.std      0x0800ce5c       0x6c C:/ST/STM32CubeIDE_1.18.1/STM32CubeIDE/plugins/com.st.stm32cube.ide.mcu.externaltools.gnu-tools-for-stm32.13.3.rel1.win32_1.0.0.202411081344/tools/bin/../lib/gcc/arm-none-eabi/13.3.1/../../../../arm-none-eabi/lib/thumb/v7-m/nofp\libc_nano.a(libc_a-findfp.o)
 .text.stdio_exit_handler
                0x0800cec8       0x18 C:/ST/STM32CubeIDE_1.18.1/STM32CubeIDE/plugins/com.st.stm32cube.ide.mcu.externaltools.gnu-tools-for-stm32.13.3.rel1.win32_1.0.0.202411081344/tools/bin/../lib/gcc/arm-none-eabi/13.3.1/../../../../arm-none-eabi/lib/thumb/v7-m/nofp\libc_nano.a(libc_a-findfp.o)
 .text.cleanup_stdio
                0x0800cee0       0x40 C:/ST/STM32CubeIDE_1.18.1/STM32CubeIDE/plugins/com.st.stm32cube.ide.mcu.externaltools.gnu-tools-for-stm32.13.3.rel1.win32_1.0.0.202411081344/tools/bin/../lib/gcc/arm-none-eabi/13.3.1/../../../../arm-none-eabi/lib/thumb/v7-m/nofp\libc_nano.a(libc_a-findfp.o)
 .text.global_stdio_init.part.0
                0x0800cf20       0x3c C:/ST/STM32CubeIDE_1.18.1/STM32CubeIDE/plugins/com.st.stm32cube.ide.mcu.externaltools.gnu-tools-for-stm32.13.3.rel1.win32_1.0.0.202411081344/tools/bin/../lib/gcc/arm-none-eabi/13.3.1/../../../../arm-none-eabi/lib/thumb/v7-m/nofp\libc_nano.a(libc_a-findfp.o)
 .text.__sfp_lock_acquire
                0x0800cf5c        0xc C:/ST/STM32CubeIDE_1.18.1/STM32CubeIDE/plugins/com.st.stm32cube.ide.mcu.externaltools.gnu-tools-for-stm32.13.3.rel1.win32_1.0.0.202411081344/tools/bin/../lib/gcc/arm-none-eabi/13.3.1/../../../../arm-none-eabi/lib/thumb/v7-m/nofp\libc_nano.a(libc_a-findfp.o)
                0x0800cf5c                __sfp_lock_acquire
 .text.__sfp_lock_release
                0x0800cf68        0xc C:/ST/STM32CubeIDE_1.18.1/STM32CubeIDE/plugins/com.st.stm32cube.ide.mcu.externaltools.gnu-tools-for-stm32.13.3.rel1.win32_1.0.0.202411081344/tools/bin/../lib/gcc/arm-none-eabi/13.3.1/../../../../arm-none-eabi/lib/thumb/v7-m/nofp\libc_nano.a(libc_a-findfp.o)
                0x0800cf68                __sfp_lock_release
 .text.__sinit  0x0800cf74       0x30 C:/ST/STM32CubeIDE_1.18.1/STM32CubeIDE/plugins/com.st.stm32cube.ide.mcu.externaltools.gnu-tools-for-stm32.13.3.rel1.win32_1.0.0.202411081344/tools/bin/../lib/gcc/arm-none-eabi/13.3.1/../../../../arm-none-eabi/lib/thumb/v7-m/nofp\libc_nano.a(libc_a-findfp.o)
                0x0800cf74                __sinit
 .text.fprintf  0x0800cfa4       0x24 C:/ST/STM32CubeIDE_1.18.1/STM32CubeIDE/plugins/com.st.stm32cube.ide.mcu.externaltools.gnu-tools-for-stm32.13.3.rel1.win32_1.0.0.202411081344/tools/bin/../lib/gcc/arm-none-eabi/13.3.1/../../../../arm-none-eabi/lib/thumb/v7-m/nofp\libc_nano.a(libc_a-fprintf.o)
                0x0800cfa4                fiprintf
                0x0800cfa4                fprintf
 .text._fwalk_sglue
                0x0800cfc8       0x3c C:/ST/STM32CubeIDE_1.18.1/STM32CubeIDE/plugins/com.st.stm32cube.ide.mcu.externaltools.gnu-tools-for-stm32.13.3.rel1.win32_1.0.0.202411081344/tools/bin/../lib/gcc/arm-none-eabi/13.3.1/../../../../arm-none-eabi/lib/thumb/v7-m/nofp\libc_nano.a(libc_a-fwalk.o)
                0x0800cfc8                _fwalk_sglue
 .text.__sread  0x0800d004       0x22 C:/ST/STM32CubeIDE_1.18.1/STM32CubeIDE/plugins/com.st.stm32cube.ide.mcu.externaltools.gnu-tools-for-stm32.13.3.rel1.win32_1.0.0.202411081344/tools/bin/../lib/gcc/arm-none-eabi/13.3.1/../../../../arm-none-eabi/lib/thumb/v7-m/nofp\libc_nano.a(libc_a-stdio.o)
                0x0800d004                __sread
 .text.__swrite
                0x0800d026       0x38 C:/ST/STM32CubeIDE_1.18.1/STM32CubeIDE/plugins/com.st.stm32cube.ide.mcu.externaltools.gnu-tools-for-stm32.13.3.rel1.win32_1.0.0.202411081344/tools/bin/../lib/gcc/arm-none-eabi/13.3.1/../../../../arm-none-eabi/lib/thumb/v7-m/nofp\libc_nano.a(libc_a-stdio.o)
                0x0800d026                __swrite
 .text.__sseek  0x0800d05e       0x24 C:/ST/STM32CubeIDE_1.18.1/STM32CubeIDE/plugins/com.st.stm32cube.ide.mcu.externaltools.gnu-tools-for-stm32.13.3.rel1.win32_1.0.0.202411081344/tools/bin/../lib/gcc/arm-none-eabi/13.3.1/../../../../arm-none-eabi/lib/thumb/v7-m/nofp\libc_nano.a(libc_a-stdio.o)
                0x0800d05e                __sseek
 .text.__sclose
                0x0800d082        0x8 C:/ST/STM32CubeIDE_1.18.1/STM32CubeIDE/plugins/com.st.stm32cube.ide.mcu.externaltools.gnu-tools-for-stm32.13.3.rel1.win32_1.0.0.202411081344/tools/bin/../lib/gcc/arm-none-eabi/13.3.1/../../../../arm-none-eabi/lib/thumb/v7-m/nofp\libc_nano.a(libc_a-stdio.o)
                0x0800d082                __sclose
 .text.memcmp   0x0800d08a       0x20 C:/ST/STM32CubeIDE_1.18.1/STM32CubeIDE/plugins/com.st.stm32cube.ide.mcu.externaltools.gnu-tools-for-stm32.13.3.rel1.win32_1.0.0.202411081344/tools/bin/../lib/gcc/arm-none-eabi/13.3.1/../../../../arm-none-eabi/lib/thumb/v7-m/nofp\libc_nano.a(libc_a-memcmp.o)
                0x0800d08a                memcmp
 .text.memset   0x0800d0aa       0x10 C:/ST/STM32CubeIDE_1.18.1/STM32CubeIDE/plugins/com.st.stm32cube.ide.mcu.externaltools.gnu-tools-for-stm32.13.3.rel1.win32_1.0.0.202411081344/tools/bin/../lib/gcc/arm-none-eabi/13.3.1/../../../../arm-none-eabi/lib/thumb/v7-m/nofp\libc_nano.a(libc_a-memset.o)
                0x0800d0aa                memset
 *fill*         0x0800d0ba        0x2 
 .text._close_r
                0x0800d0bc       0x20 C:/ST/STM32CubeIDE_1.18.1/STM32CubeIDE/plugins/com.st.stm32cube.ide.mcu.externaltools.gnu-tools-for-stm32.13.3.rel1.win32_1.0.0.202411081344/tools/bin/../lib/gcc/arm-none-eabi/13.3.1/../../../../arm-none-eabi/lib/thumb/v7-m/nofp\libc_nano.a(libc_a-closer.o)
                0x0800d0bc                _close_r
 .text._lseek_r
                0x0800d0dc       0x24 C:/ST/STM32CubeIDE_1.18.1/STM32CubeIDE/plugins/com.st.stm32cube.ide.mcu.externaltools.gnu-tools-for-stm32.13.3.rel1.win32_1.0.0.202411081344/tools/bin/../lib/gcc/arm-none-eabi/13.3.1/../../../../arm-none-eabi/lib/thumb/v7-m/nofp\libc_nano.a(libc_a-lseekr.o)
                0x0800d0dc                _lseek_r
 .text._read_r  0x0800d100       0x24 C:/ST/STM32CubeIDE_1.18.1/STM32CubeIDE/plugins/com.st.stm32cube.ide.mcu.externaltools.gnu-tools-for-stm32.13.3.rel1.win32_1.0.0.202411081344/tools/bin/../lib/gcc/arm-none-eabi/13.3.1/../../../../arm-none-eabi/lib/thumb/v7-m/nofp\libc_nano.a(libc_a-readr.o)
                0x0800d100                _read_r
 .text._write_r
                0x0800d124       0x24 C:/ST/STM32CubeIDE_1.18.1/STM32CubeIDE/plugins/com.st.stm32cube.ide.mcu.externaltools.gnu-tools-for-stm32.13.3.rel1.win32_1.0.0.202411081344/tools/bin/../lib/gcc/arm-none-eabi/13.3.1/../../../../arm-none-eabi/lib/thumb/v7-m/nofp\libc_nano.a(libc_a-writer.o)
                0x0800d124                _write_r
 .text.__errno  0x0800d148        0xc C:/ST/STM32CubeIDE_1.18.1/STM32CubeIDE/plugins/com.st.stm32cube.ide.mcu.externaltools.gnu-tools-for-stm32.13.3.rel1.win32_1.0.0.202411081344/tools/bin/../lib/gcc/arm-none-eabi/13.3.1/../../../../arm-none-eabi/lib/thumb/v7-m/nofp\libc_nano.a(libc_a-errno.o)
                0x0800d148                __errno
 .text.__libc_init_array
                0x0800d154       0x48 C:/ST/STM32CubeIDE_1.18.1/STM32CubeIDE/plugins/com.st.stm32cube.ide.mcu.externaltools.gnu-tools-for-stm32.13.3.rel1.win32_1.0.0.202411081344/tools/bin/../lib/gcc/arm-none-eabi/13.3.1/../../../../arm-none-eabi/lib/thumb/v7-m/nofp\libc_nano.a(libc_a-init.o)
                0x0800d154                __libc_init_array
 .text.__retarget_lock_init_recursive
                0x0800d19c        0x2 C:/ST/STM32CubeIDE_1.18.1/STM32CubeIDE/plugins/com.st.stm32cube.ide.mcu.externaltools.gnu-tools-for-stm32.13.3.rel1.win32_1.0.0.202411081344/tools/bin/../lib/gcc/arm-none-eabi/13.3.1/../../../../arm-none-eabi/lib/thumb/v7-m/nofp\libc_nano.a(libc_a-lock.o)
                0x0800d19c                __retarget_lock_init_recursive
 .text.__retarget_lock_acquire_recursive
                0x0800d19e        0x2 C:/ST/STM32CubeIDE_1.18.1/STM32CubeIDE/plugins/com.st.stm32cube.ide.mcu.externaltools.gnu-tools-for-stm32.13.3.rel1.win32_1.0.0.202411081344/tools/bin/../lib/gcc/arm-none-eabi/13.3.1/../../../../arm-none-eabi/lib/thumb/v7-m/nofp\libc_nano.a(libc_a-lock.o)
                0x0800d19e                __retarget_lock_acquire_recursive
 .text.__retarget_lock_release_recursive
                0x0800d1a0        0x2 C:/ST/STM32CubeIDE_1.18.1/STM32CubeIDE/plugins/com.st.stm32cube.ide.mcu.externaltools.gnu-tools-for-stm32.13.3.rel1.win32_1.0.0.202411081344/tools/bin/../lib/gcc/arm-none-eabi/13.3.1/../../../../arm-none-eabi/lib/thumb/v7-m/nofp\libc_nano.a(libc_a-lock.o)
                0x0800d1a0                __retarget_lock_release_recursive
 .text.memcpy   0x0800d1a2       0x1c C:/ST/STM32CubeIDE_1.18.1/STM32CubeIDE/plugins/com.st.stm32cube.ide.mcu.externaltools.gnu-tools-for-stm32.13.3.rel1.win32_1.0.0.202411081344/tools/bin/../lib/gcc/arm-none-eabi/13.3.1/../../../../arm-none-eabi/lib/thumb/v7-m/nofp\libc_nano.a(libc_a-memcpy-stub.o)
                0x0800d1a2                memcpy
 .text.abort    0x0800d1be        0xe C:/ST/STM32CubeIDE_1.18.1/STM32CubeIDE/plugins/com.st.stm32cube.ide.mcu.externaltools.gnu-tools-for-stm32.13.3.rel1.win32_1.0.0.202411081344/tools/bin/../lib/gcc/arm-none-eabi/13.3.1/../../../../arm-none-eabi/lib/thumb/v7-m/nofp\libc_nano.a(libc_a-abort.o)
                0x0800d1be                abort
 .text._free_r  0x0800d1cc       0x90 C:/ST/STM32CubeIDE_1.18.1/STM32CubeIDE/plugins/com.st.stm32cube.ide.mcu.externaltools.gnu-tools-for-stm32.13.3.rel1.win32_1.0.0.202411081344/tools/bin/../lib/gcc/arm-none-eabi/13.3.1/../../../../arm-none-eabi/lib/thumb/v7-m/nofp\libc_nano.a(libc_a-freer.o)
                0x0800d1cc                _free_r
 .text.sbrk_aligned
                0x0800d25c       0x44 C:/ST/STM32CubeIDE_1.18.1/STM32CubeIDE/plugins/com.st.stm32cube.ide.mcu.externaltools.gnu-tools-for-stm32.13.3.rel1.win32_1.0.0.202411081344/tools/bin/../lib/gcc/arm-none-eabi/13.3.1/../../../../arm-none-eabi/lib/thumb/v7-m/nofp\libc_nano.a(libc_a-mallocr.o)
 .text._malloc_r
                0x0800d2a0      0x100 C:/ST/STM32CubeIDE_1.18.1/STM32CubeIDE/plugins/com.st.stm32cube.ide.mcu.externaltools.gnu-tools-for-stm32.13.3.rel1.win32_1.0.0.202411081344/tools/bin/../lib/gcc/arm-none-eabi/13.3.1/../../../../arm-none-eabi/lib/thumb/v7-m/nofp\libc_nano.a(libc_a-mallocr.o)
                0x0800d2a0                _malloc_r
 .text.__malloc_lock
                0x0800d3a0        0xc C:/ST/STM32CubeIDE_1.18.1/STM32CubeIDE/plugins/com.st.stm32cube.ide.mcu.externaltools.gnu-tools-for-stm32.13.3.rel1.win32_1.0.0.202411081344/tools/bin/../lib/gcc/arm-none-eabi/13.3.1/../../../../arm-none-eabi/lib/thumb/v7-m/nofp\libc_nano.a(libc_a-mlock.o)
                0x0800d3a0                __malloc_lock
 .text.__malloc_unlock
                0x0800d3ac        0xc C:/ST/STM32CubeIDE_1.18.1/STM32CubeIDE/plugins/com.st.stm32cube.ide.mcu.externaltools.gnu-tools-for-stm32.13.3.rel1.win32_1.0.0.202411081344/tools/bin/../lib/gcc/arm-none-eabi/13.3.1/../../../../arm-none-eabi/lib/thumb/v7-m/nofp\libc_nano.a(libc_a-mlock.o)
                0x0800d3ac                __malloc_unlock
 .text.__sfputc_r
                0x0800d3b8       0x2a C:/ST/STM32CubeIDE_1.18.1/STM32CubeIDE/plugins/com.st.stm32cube.ide.mcu.externaltools.gnu-tools-for-stm32.13.3.rel1.win32_1.0.0.202411081344/tools/bin/../lib/gcc/arm-none-eabi/13.3.1/../../../../arm-none-eabi/lib/thumb/v7-m/nofp\libc_nano.a(libc_a-nano-vfprintf.o)
 .text.__sfputs_r
                0x0800d3e2       0x24 C:/ST/STM32CubeIDE_1.18.1/STM32CubeIDE/plugins/com.st.stm32cube.ide.mcu.externaltools.gnu-tools-for-stm32.13.3.rel1.win32_1.0.0.202411081344/tools/bin/../lib/gcc/arm-none-eabi/13.3.1/../../../../arm-none-eabi/lib/thumb/v7-m/nofp\libc_nano.a(libc_a-nano-vfprintf.o)
                0x0800d3e2                __sfputs_r
 *fill*         0x0800d406        0x2 
 .text._vfprintf_r
                0x0800d408      0x230 C:/ST/STM32CubeIDE_1.18.1/STM32CubeIDE/plugins/com.st.stm32cube.ide.mcu.externaltools.gnu-tools-for-stm32.13.3.rel1.win32_1.0.0.202411081344/tools/bin/../lib/gcc/arm-none-eabi/13.3.1/../../../../arm-none-eabi/lib/thumb/v7-m/nofp\libc_nano.a(libc_a-nano-vfprintf.o)
                0x0800d408                _vfprintf_r
                0x0800d408                _vfiprintf_r
 .text._printf_common
                0x0800d638       0xe4 C:/ST/STM32CubeIDE_1.18.1/STM32CubeIDE/plugins/com.st.stm32cube.ide.mcu.externaltools.gnu-tools-for-stm32.13.3.rel1.win32_1.0.0.202411081344/tools/bin/../lib/gcc/arm-none-eabi/13.3.1/../../../../arm-none-eabi/lib/thumb/v7-m/nofp\libc_nano.a(libc_a-nano-vfprintf_i.o)
                0x0800d638                _printf_common
 .text._printf_i
                0x0800d71c      0x23c C:/ST/STM32CubeIDE_1.18.1/STM32CubeIDE/plugins/com.st.stm32cube.ide.mcu.externaltools.gnu-tools-for-stm32.13.3.rel1.win32_1.0.0.202411081344/tools/bin/../lib/gcc/arm-none-eabi/13.3.1/../../../../arm-none-eabi/lib/thumb/v7-m/nofp\libc_nano.a(libc_a-nano-vfprintf_i.o)
                0x0800d71c                _printf_i
 .text.__sflush_r
                0x0800d958      0x100 C:/ST/STM32CubeIDE_1.18.1/STM32CubeIDE/plugins/com.st.stm32cube.ide.mcu.externaltools.gnu-tools-for-stm32.13.3.rel1.win32_1.0.0.202411081344/tools/bin/../lib/gcc/arm-none-eabi/13.3.1/../../../../arm-none-eabi/lib/thumb/v7-m/nofp\libc_nano.a(libc_a-fflush.o)
                0x0800d958                __sflush_r
 .text._fflush_r
                0x0800da58       0x50 C:/ST/STM32CubeIDE_1.18.1/STM32CubeIDE/plugins/com.st.stm32cube.ide.mcu.externaltools.gnu-tools-for-stm32.13.3.rel1.win32_1.0.0.202411081344/tools/bin/../lib/gcc/arm-none-eabi/13.3.1/../../../../arm-none-eabi/lib/thumb/v7-m/nofp\libc_nano.a(libc_a-fflush.o)
                0x0800da58                _fflush_r
 .text.__swbuf_r
                0x0800daa8       0x7c C:/ST/STM32CubeIDE_1.18.1/STM32CubeIDE/plugins/com.st.stm32cube.ide.mcu.externaltools.gnu-tools-for-stm32.13.3.rel1.win32_1.0.0.202411081344/tools/bin/../lib/gcc/arm-none-eabi/13.3.1/../../../../arm-none-eabi/lib/thumb/v7-m/nofp\libc_nano.a(libc_a-wbuf.o)
                0x0800daa8                __swbuf_r
 .text.__swsetup_r
                0x0800db24       0xac C:/ST/STM32CubeIDE_1.18.1/STM32CubeIDE/plugins/com.st.stm32cube.ide.mcu.externaltools.gnu-tools-for-stm32.13.3.rel1.win32_1.0.0.202411081344/tools/bin/../lib/gcc/arm-none-eabi/13.3.1/../../../../arm-none-eabi/lib/thumb/v7-m/nofp\libc_nano.a(libc_a-wsetup.o)
                0x0800db24                __swsetup_r
 .text._raise_r
                0x0800dbd0       0x50 C:/ST/STM32CubeIDE_1.18.1/STM32CubeIDE/plugins/com.st.stm32cube.ide.mcu.externaltools.gnu-tools-for-stm32.13.3.rel1.win32_1.0.0.202411081344/tools/bin/../lib/gcc/arm-none-eabi/13.3.1/../../../../arm-none-eabi/lib/thumb/v7-m/nofp\libc_nano.a(libc_a-signal.o)
                0x0800dbd0                _raise_r
 .text.raise    0x0800dc20       0x10 C:/ST/STM32CubeIDE_1.18.1/STM32CubeIDE/plugins/com.st.stm32cube.ide.mcu.externaltools.gnu-tools-for-stm32.13.3.rel1.win32_1.0.0.202411081344/tools/bin/../lib/gcc/arm-none-eabi/13.3.1/../../../../arm-none-eabi/lib/thumb/v7-m/nofp\libc_nano.a(libc_a-signal.o)
                0x0800dc20                raise
 .text._kill_r  0x0800dc30       0x24 C:/ST/STM32CubeIDE_1.18.1/STM32CubeIDE/plugins/com.st.stm32cube.ide.mcu.externaltools.gnu-tools-for-stm32.13.3.rel1.win32_1.0.0.202411081344/tools/bin/../lib/gcc/arm-none-eabi/13.3.1/../../../../arm-none-eabi/lib/thumb/v7-m/nofp\libc_nano.a(libc_a-signalr.o)
                0x0800dc30                _kill_r
 .text._getpid_r
                0x0800dc54        0x4 C:/ST/STM32CubeIDE_1.18.1/STM32CubeIDE/plugins/com.st.stm32cube.ide.mcu.externaltools.gnu-tools-for-stm32.13.3.rel1.win32_1.0.0.202411081344/tools/bin/../lib/gcc/arm-none-eabi/13.3.1/../../../../arm-none-eabi/lib/thumb/v7-m/nofp\libc_nano.a(libc_a-signalr.o)
                0x0800dc54                _getpid_r
 .text._sbrk_r  0x0800dc58       0x20 C:/ST/STM32CubeIDE_1.18.1/STM32CubeIDE/plugins/com.st.stm32cube.ide.mcu.externaltools.gnu-tools-for-stm32.13.3.rel1.win32_1.0.0.202411081344/tools/bin/../lib/gcc/arm-none-eabi/13.3.1/../../../../arm-none-eabi/lib/thumb/v7-m/nofp\libc_nano.a(libc_a-sbrkr.o)
                0x0800dc58                _sbrk_r
 .text.memchr   0x0800dc78       0x1c C:/ST/STM32CubeIDE_1.18.1/STM32CubeIDE/plugins/com.st.stm32cube.ide.mcu.externaltools.gnu-tools-for-stm32.13.3.rel1.win32_1.0.0.202411081344/tools/bin/../lib/gcc/arm-none-eabi/13.3.1/../../../../arm-none-eabi/lib/thumb/v7-m/nofp\libc_nano.a(libc_a-memchr-stub.o)
                0x0800dc78                memchr
 .text.__swhatbuf_r
                0x0800dc94       0x4a C:/ST/STM32CubeIDE_1.18.1/STM32CubeIDE/plugins/com.st.stm32cube.ide.mcu.externaltools.gnu-tools-for-stm32.13.3.rel1.win32_1.0.0.202411081344/tools/bin/../lib/gcc/arm-none-eabi/13.3.1/../../../../arm-none-eabi/lib/thumb/v7-m/nofp\libc_nano.a(libc_a-makebuf.o)
                0x0800dc94                __swhatbuf_r
 .text.__smakebuf_r
                0x0800dcde       0x78 C:/ST/STM32CubeIDE_1.18.1/STM32CubeIDE/plugins/com.st.stm32cube.ide.mcu.externaltools.gnu-tools-for-stm32.13.3.rel1.win32_1.0.0.202411081344/tools/bin/../lib/gcc/arm-none-eabi/13.3.1/../../../../arm-none-eabi/lib/thumb/v7-m/nofp\libc_nano.a(libc_a-makebuf.o)
                0x0800dcde                __smakebuf_r
 *fill*         0x0800dd56        0x2 
 .text._fstat_r
                0x0800dd58       0x24 C:/ST/STM32CubeIDE_1.18.1/STM32CubeIDE/plugins/com.st.stm32cube.ide.mcu.externaltools.gnu-tools-for-stm32.13.3.rel1.win32_1.0.0.202411081344/tools/bin/../lib/gcc/arm-none-eabi/13.3.1/../../../../arm-none-eabi/lib/thumb/v7-m/nofp\libc_nano.a(libc_a-fstatr.o)
                0x0800dd58                _fstat_r
 .text._isatty_r
                0x0800dd7c       0x20 C:/ST/STM32CubeIDE_1.18.1/STM32CubeIDE/plugins/com.st.stm32cube.ide.mcu.externaltools.gnu-tools-for-stm32.13.3.rel1.win32_1.0.0.202411081344/tools/bin/../lib/gcc/arm-none-eabi/13.3.1/../../../../arm-none-eabi/lib/thumb/v7-m/nofp\libc_nano.a(libc_a-isattyr.o)
                0x0800dd7c                _isatty_r
 *(.glue_7)
 .glue_7        0x0800dd9c        0x0 linker stubs
 *(.glue_7t)
 .glue_7t       0x0800dd9c        0x0 linker stubs
 *(.eh_frame)
 .eh_frame      0x0800dd9c        0x0 C:/ST/STM32CubeIDE_1.18.1/STM32CubeIDE/plugins/com.st.stm32cube.ide.mcu.externaltools.gnu-tools-for-stm32.13.3.rel1.win32_1.0.0.202411081344/tools/bin/../lib/gcc/arm-none-eabi/13.3.1/thumb/v7-m/nofp/crtbegin.o
 *(.init)
 .init          0x0800dd9c        0x4 C:/ST/STM32CubeIDE_1.18.1/STM32CubeIDE/plugins/com.st.stm32cube.ide.mcu.externaltools.gnu-tools-for-stm32.13.3.rel1.win32_1.0.0.202411081344/tools/bin/../lib/gcc/arm-none-eabi/13.3.1/thumb/v7-m/nofp/crti.o
                0x0800dd9c                _init
 .init          0x0800dda0        0x8 C:/ST/STM32CubeIDE_1.18.1/STM32CubeIDE/plugins/com.st.stm32cube.ide.mcu.externaltools.gnu-tools-for-stm32.13.3.rel1.win32_1.0.0.202411081344/tools/bin/../lib/gcc/arm-none-eabi/13.3.1/thumb/v7-m/nofp/crtn.o
 *(.fini)
 .fini          0x0800dda8        0x4 C:/ST/STM32CubeIDE_1.18.1/STM32CubeIDE/plugins/com.st.stm32cube.ide.mcu.externaltools.gnu-tools-for-stm32.13.3.rel1.win32_1.0.0.202411081344/tools/bin/../lib/gcc/arm-none-eabi/13.3.1/thumb/v7-m/nofp/crti.o
                0x0800dda8                _fini
 .fini          0x0800ddac        0x8 C:/ST/STM32CubeIDE_1.18.1/STM32CubeIDE/plugins/com.st.stm32cube.ide.mcu.externaltools.gnu-tools-for-stm32.13.3.rel1.win32_1.0.0.202411081344/tools/bin/../lib/gcc/arm-none-eabi/13.3.1/thumb/v7-m/nofp/crtn.o
                0x0800ddb4                        . = ALIGN (0x4)
                0x0800ddb4                        _etext = .

.vfp11_veneer   0x0800ddb4        0x0
 .vfp11_veneer  0x0800ddb4        0x0 linker stubs

.v4_bx          0x0800ddb4        0x0
 .v4_bx         0x0800ddb4        0x0 linker stubs

.iplt           0x0800ddb4        0x0
 .iplt          0x0800ddb4        0x0 C:/ST/STM32CubeIDE_1.18.1/STM32CubeIDE/plugins/com.st.stm32cube.ide.mcu.externaltools.gnu-tools-for-stm32.13.3.rel1.win32_1.0.0.202411081344/tools/bin/../lib/gcc/arm-none-eabi/13.3.1/thumb/v7-m/nofp/crtbegin.o

.rodata         0x0800ddb4      0x370
                0x0800ddb4                        . = ALIGN (0x4)
 *(.rodata)
 .rodata        0x0800ddb4       0x20 ./Core/Src/main.o
 .rodata        0x0800ddd4      0x24f ./Core/Src/rfm95.o
 *(.rodata*)
 .rodata.ctrl_humData.2
                0x0800e023        0x1 ./Core/Src/BME280.o
 .rodata.scrl_meadData.1
                0x0800e024        0x1 ./Core/Src/BME280.o
 .rodata.confData.0
                0x0800e025        0x1 ./Core/Src/BME280.o
 *fill*         0x0800e026        0x2 
 .rodata.__func__.5
                0x0800e028       0x13 ./Core/Src/rfm95.o
 *fill*         0x0800e03b        0x1 
 .rodata.__func__.4
                0x0800e03c       0x12 ./Core/Src/rfm95.o
 *fill*         0x0800e04e        0x2 
 .rodata.__func__.3
                0x0800e050       0x10 ./Core/Src/rfm95.o
 .rodata.__func__.2
                0x0800e060        0xb ./Core/Src/rfm95.o
 *fill*         0x0800e06b        0x1 
 .rodata.__func__.1
                0x0800e06c       0x10 ./Core/Src/rfm95.o
 .rodata.__func__.0
                0x0800e07c       0x13 ./Core/Src/rfm95.o
 *fill*         0x0800e08f        0x1 
 .rodata.PLLMulTable
                0x0800e090        0x9 ./Core/Src/system_stm32l1xx.o
                0x0800e090                PLLMulTable
 *fill*         0x0800e099        0x3 
 .rodata.AHBPrescTable
                0x0800e09c       0x10 ./Core/Src/system_stm32l1xx.o
                0x0800e09c                AHBPrescTable
 .rodata.APBPrescTable
                0x0800e0ac        0x8 ./Core/Src/system_stm32l1xx.o
                0x0800e0ac                APBPrescTable
 .rodata.__assert_func.str1.1
                0x0800e0b4       0x6f C:/ST/STM32CubeIDE_1.18.1/STM32CubeIDE/plugins/com.st.stm32cube.ide.mcu.externaltools.gnu-tools-for-stm32.13.3.rel1.win32_1.0.0.202411081344/tools/bin/../lib/gcc/arm-none-eabi/13.3.1/../../../../arm-none-eabi/lib/thumb/v7-m/nofp\libc_nano.a(libc_a-assert.o)
                                 0x3d (size before relaxing)
 .rodata._vfprintf_r.str1.1
                0x0800e123       0x11 C:/ST/STM32CubeIDE_1.18.1/STM32CubeIDE/plugins/com.st.stm32cube.ide.mcu.externaltools.gnu-tools-for-stm32.13.3.rel1.win32_1.0.0.202411081344/tools/bin/../lib/gcc/arm-none-eabi/13.3.1/../../../../arm-none-eabi/lib/thumb/v7-m/nofp\libc_nano.a(libc_a-nano-vfprintf.o)
 .rodata._printf_i.str1.1
                0x0800e123       0x22 C:/ST/STM32CubeIDE_1.18.1/STM32CubeIDE/plugins/com.st.stm32cube.ide.mcu.externaltools.gnu-tools-for-stm32.13.3.rel1.win32_1.0.0.202411081344/tools/bin/../lib/gcc/arm-none-eabi/13.3.1/../../../../arm-none-eabi/lib/thumb/v7-m/nofp\libc_nano.a(libc_a-nano-vfprintf_i.o)
                0x0800e148                        . = ALIGN (0x4)
 *fill*         0x0800e123        0x1 

.ARM.extab      0x0800e124        0x0
                0x0800e124                        . = ALIGN (0x4)
 *(.ARM.extab* .gnu.linkonce.armextab.*)
                0x0800e124                        . = ALIGN (0x4)

.ARM            0x0800e124        0x8
                0x0800e124                        . = ALIGN (0x4)
                0x0800e124                        __exidx_start = .
 *(.ARM.exidx*)
 .ARM.exidx     0x0800e124        0x8 C:/ST/STM32CubeIDE_1.18.1/STM32CubeIDE/plugins/com.st.stm32cube.ide.mcu.externaltools.gnu-tools-for-stm32.13.3.rel1.win32_1.0.0.202411081344/tools/bin/../lib/gcc/arm-none-eabi/13.3.1/thumb/v7-m/nofp\libgcc.a(_udivmoddi4.o)
                0x0800e12c                        __exidx_end = .
                0x0800e12c                        . = ALIGN (0x4)

.preinit_array  0x0800e12c        0x0
                0x0800e12c                        . = ALIGN (0x4)
                0x0800e12c                        PROVIDE (__preinit_array_start = .)
 *(.preinit_array*)
                0x0800e12c                        PROVIDE (__preinit_array_end = .)
                0x0800e12c                        . = ALIGN (0x4)

.init_array     0x0800e12c        0x4
                0x0800e12c                        . = ALIGN (0x4)
                0x0800e12c                        PROVIDE (__init_array_start = .)
 *(SORT_BY_NAME(.init_array.*))
 *(.init_array*)
 .init_array    0x0800e12c        0x4 C:/ST/STM32CubeIDE_1.18.1/STM32CubeIDE/plugins/com.st.stm32cube.ide.mcu.externaltools.gnu-tools-for-stm32.13.3.rel1.win32_1.0.0.202411081344/tools/bin/../lib/gcc/arm-none-eabi/13.3.1/thumb/v7-m/nofp/crtbegin.o
                0x0800e130                        PROVIDE (__init_array_end = .)
                0x0800e130                        . = ALIGN (0x4)

.fini_array     0x0800e130        0x4
                0x0800e130                        . = ALIGN (0x4)
                [!provide]                        PROVIDE (__fini_array_start = .)
 *(SORT_BY_NAME(.fini_array.*))
 *(.fini_array*)
 .fini_array    0x0800e130        0x4 C:/ST/STM32CubeIDE_1.18.1/STM32CubeIDE/plugins/com.st.stm32cube.ide.mcu.externaltools.gnu-tools-for-stm32.13.3.rel1.win32_1.0.0.202411081344/tools/bin/../lib/gcc/arm-none-eabi/13.3.1/thumb/v7-m/nofp/crtbegin.o
                [!provide]                        PROVIDE (__fini_array_end = .)
                0x0800e134                        . = ALIGN (0x4)
                0x0800e134                        _sidata = LOADADDR (.data)

.rel.dyn        0x0800e134        0x0
 .rel.iplt      0x0800e134        0x0 C:/ST/STM32CubeIDE_1.18.1/STM32CubeIDE/plugins/com.st.stm32cube.ide.mcu.externaltools.gnu-tools-for-stm32.13.3.rel1.win32_1.0.0.202411081344/tools/bin/../lib/gcc/arm-none-eabi/13.3.1/thumb/v7-m/nofp/crtbegin.o

.data           0x20000000      0x16c load address 0x0800e134
                0x20000000                        . = ALIGN (0x4)
                0x20000000                        _sdata = .
 *(.data)
 *(.data*)
 .data.awake    0x20000000        0x1 ./Core/Src/main.o
                0x20000000                awake
 *fill*         0x20000001        0x3 
 .data.SystemCoreClock
                0x20000004        0x4 ./Core/Src/system_stm32l1xx.o
                0x20000004                SystemCoreClock
 .data.uwTickPrio
                0x20000008        0x4 ./Drivers/STM32L1xx_HAL_Driver/Src/stm32l1xx_hal.o
                0x20000008                uwTickPrio
 .data.uwTickFreq
                0x2000000c        0x4 ./Drivers/STM32L1xx_HAL_Driver/Src/stm32l1xx_hal.o
                0x2000000c                uwTickFreq
 .data.S_Table  0x20000010      0x100 ./Drivers/ideetron/AES-128_V10.o
                0x20000010                S_Table
 .data.__sglue  0x20000110        0xc C:/ST/STM32CubeIDE_1.18.1/STM32CubeIDE/plugins/com.st.stm32cube.ide.mcu.externaltools.gnu-tools-for-stm32.13.3.rel1.win32_1.0.0.202411081344/tools/bin/../lib/gcc/arm-none-eabi/13.3.1/../../../../arm-none-eabi/lib/thumb/v7-m/nofp\libc_nano.a(libc_a-findfp.o)
                0x20000110                __sglue
 .data._impure_ptr
                0x2000011c        0x4 C:/ST/STM32CubeIDE_1.18.1/STM32CubeIDE/plugins/com.st.stm32cube.ide.mcu.externaltools.gnu-tools-for-stm32.13.3.rel1.win32_1.0.0.202411081344/tools/bin/../lib/gcc/arm-none-eabi/13.3.1/../../../../arm-none-eabi/lib/thumb/v7-m/nofp\libc_nano.a(libc_a-impure.o)
                0x2000011c                _impure_ptr
 .data._impure_data
                0x20000120       0x4c C:/ST/STM32CubeIDE_1.18.1/STM32CubeIDE/plugins/com.st.stm32cube.ide.mcu.externaltools.gnu-tools-for-stm32.13.3.rel1.win32_1.0.0.202411081344/tools/bin/../lib/gcc/arm-none-eabi/13.3.1/../../../../arm-none-eabi/lib/thumb/v7-m/nofp\libc_nano.a(libc_a-impure.o)
                0x20000120                _impure_data
 *(.RamFunc)
 *(.RamFunc*)
                0x2000016c                        . = ALIGN (0x4)
                0x2000016c                        _edata = .

.igot.plt       0x2000016c        0x0 load address 0x0800e2a0
 .igot.plt      0x2000016c        0x0 C:/ST/STM32CubeIDE_1.18.1/STM32CubeIDE/plugins/com.st.stm32cube.ide.mcu.externaltools.gnu-tools-for-stm32.13.3.rel1.win32_1.0.0.202411081344/tools/bin/../lib/gcc/arm-none-eabi/13.3.1/thumb/v7-m/nofp/crtbegin.o
                0x2000016c                        . = ALIGN (0x4)

.bss            0x2000016c      0x5ac load address 0x0800e2a0
                0x2000016c                        _sbss = .
                0x2000016c                        __bss_start__ = _sbss
 *(.bss)
 .bss           0x2000016c       0x1c C:/ST/STM32CubeIDE_1.18.1/STM32CubeIDE/plugins/com.st.stm32cube.ide.mcu.externaltools.gnu-tools-for-stm32.13.3.rel1.win32_1.0.0.202411081344/tools/bin/../lib/gcc/arm-none-eabi/13.3.1/thumb/v7-m/nofp/crtbegin.o
 *(.bss*)
 .bss.EraseInitStruct.0
                0x20000188        0xc ./Core/Src/flash.o
 .bss.bme280    0x20000194       0x38 ./Core/Src/main.o
                0x20000194                bme280
 .bss.measurements
                0x200001cc       0x40 ./Core/Src/main.o
                0x200001cc                measurements
 .bss.lora_data
                0x2000020c       0x10 ./Core/Src/main.o
                0x2000020c                lora_data
 .bss.rfm95_handle
                0x2000021c       0xb8 ./Core/Src/main.o
                0x2000021c                rfm95_handle
 .bss.time      0x200002d4        0xc ./Core/Src/main.o
                0x200002d4                time
 .bss.date      0x200002e0        0x4 ./Core/Src/main.o
                0x200002e0                date
 .bss.sAlarm    0x200002e4       0x1c ./Core/Src/main.o
                0x200002e4                sAlarm
 .bss.hadc      0x20000300       0x54 ./Core/Src/main.o
                0x20000300                hadc
 .bss.hi2c1     0x20000354       0x54 ./Core/Src/main.o
                0x20000354                hi2c1
 .bss.hi2c2     0x200003a8       0x54 ./Core/Src/main.o
                0x200003a8                hi2c2
 .bss.hrtc      0x200003fc       0x20 ./Core/Src/main.o
                0x200003fc                hrtc
 .bss.hspi1     0x2000041c       0x58 ./Core/Src/main.o
                0x2000041c                hspi1
 .bss.hspi2     0x20000474       0x58 ./Core/Src/main.o
                0x20000474                hspi2
 .bss.htim2     0x200004cc       0x40 ./Core/Src/main.o
                0x200004cc                htim2
 .bss.htim3     0x2000050c       0x40 ./Core/Src/main.o
                0x2000050c                htim3
 .bss.huart1    0x2000054c       0x48 ./Core/Src/main.o
                0x2000054c                huart1
 .bss.state     0x20000594        0x1 ./Core/Src/main.o
                0x20000594                state
 *fill*         0x20000595        0x3 
 .bss.tim3_tick_msb
                0x20000598        0x4 ./Core/Src/main.o
                0x20000598                tim3_tick_msb
 .bss.__sbrk_heap_end
                0x2000059c        0x4 ./Core/Src/sysmem.o
 .bss.uwTick    0x200005a0        0x4 ./Drivers/STM32L1xx_HAL_Driver/Src/stm32l1xx_hal.o
                0x200005a0                uwTick
 .bss.pFlash    0x200005a4       0x18 ./Drivers/STM32L1xx_HAL_Driver/Src/stm32l1xx_hal_flash.o
                0x200005a4                pFlash
 .bss.State     0x200005bc       0x10 ./Drivers/ideetron/AES-128_V10.o
                0x200005bc                State
 .bss.__sf      0x200005cc      0x138 C:/ST/STM32CubeIDE_1.18.1/STM32CubeIDE/plugins/com.st.stm32cube.ide.mcu.externaltools.gnu-tools-for-stm32.13.3.rel1.win32_1.0.0.202411081344/tools/bin/../lib/gcc/arm-none-eabi/13.3.1/../../../../arm-none-eabi/lib/thumb/v7-m/nofp\libc_nano.a(libc_a-findfp.o)
                0x200005cc                __sf
 .bss.__stdio_exit_handler
                0x20000704        0x4 C:/ST/STM32CubeIDE_1.18.1/STM32CubeIDE/plugins/com.st.stm32cube.ide.mcu.externaltools.gnu-tools-for-stm32.13.3.rel1.win32_1.0.0.202411081344/tools/bin/../lib/gcc/arm-none-eabi/13.3.1/../../../../arm-none-eabi/lib/thumb/v7-m/nofp\libc_nano.a(libc_a-findfp.o)
                0x20000704                __stdio_exit_handler
 .bss.errno     0x20000708        0x4 C:/ST/STM32CubeIDE_1.18.1/STM32CubeIDE/plugins/com.st.stm32cube.ide.mcu.externaltools.gnu-tools-for-stm32.13.3.rel1.win32_1.0.0.202411081344/tools/bin/../lib/gcc/arm-none-eabi/13.3.1/../../../../arm-none-eabi/lib/thumb/v7-m/nofp\libc_nano.a(libc_a-reent.o)
                0x20000708                errno
 .bss.__lock___malloc_recursive_mutex
                0x2000070c        0x1 C:/ST/STM32CubeIDE_1.18.1/STM32CubeIDE/plugins/com.st.stm32cube.ide.mcu.externaltools.gnu-tools-for-stm32.13.3.rel1.win32_1.0.0.202411081344/tools/bin/../lib/gcc/arm-none-eabi/13.3.1/../../../../arm-none-eabi/lib/thumb/v7-m/nofp\libc_nano.a(libc_a-lock.o)
                0x2000070c                __lock___malloc_recursive_mutex
 .bss.__lock___sfp_recursive_mutex
                0x2000070d        0x1 C:/ST/STM32CubeIDE_1.18.1/STM32CubeIDE/plugins/com.st.stm32cube.ide.mcu.externaltools.gnu-tools-for-stm32.13.3.rel1.win32_1.0.0.202411081344/tools/bin/../lib/gcc/arm-none-eabi/13.3.1/../../../../arm-none-eabi/lib/thumb/v7-m/nofp\libc_nano.a(libc_a-lock.o)
                0x2000070d                __lock___sfp_recursive_mutex
 *fill*         0x2000070e        0x2 
 .bss.__malloc_sbrk_start
                0x20000710        0x4 C:/ST/STM32CubeIDE_1.18.1/STM32CubeIDE/plugins/com.st.stm32cube.ide.mcu.externaltools.gnu-tools-for-stm32.13.3.rel1.win32_1.0.0.202411081344/tools/bin/../lib/gcc/arm-none-eabi/13.3.1/../../../../arm-none-eabi/lib/thumb/v7-m/nofp\libc_nano.a(libc_a-mallocr.o)
                0x20000710                __malloc_sbrk_start
 .bss.__malloc_free_list
                0x20000714        0x4 C:/ST/STM32CubeIDE_1.18.1/STM32CubeIDE/plugins/com.st.stm32cube.ide.mcu.externaltools.gnu-tools-for-stm32.13.3.rel1.win32_1.0.0.202411081344/tools/bin/../lib/gcc/arm-none-eabi/13.3.1/../../../../arm-none-eabi/lib/thumb/v7-m/nofp\libc_nano.a(libc_a-mallocr.o)
                0x20000714                __malloc_free_list
 *(COMMON)
                0x20000718                        . = ALIGN (0x4)
                0x20000718                        _ebss = .
                0x20000718                        __bss_end__ = _ebss

._user_heap_stack
                0x20000718      0x600 load address 0x0800e2a0
                0x20000718                        . = ALIGN (0x8)
                [!provide]                        PROVIDE (end = .)
                0x20000718                        PROVIDE (_end = .)
                0x20000918                        . = (. + _Min_Heap_Size)
 *fill*         0x20000718      0x200 
                0x20000d18                        . = (. + _Min_Stack_Size)
 *fill*         0x20000918      0x400 
                0x20000d18                        . = ALIGN (0x8)

/DISCARD/
 libc.a(*)
 libm.a(*)
 libgcc.a(*)

.ARM.attributes
                0x00000000       0x29
 *(.ARM.attributes)
 .ARM.attributes
                0x00000000       0x1d C:/ST/STM32CubeIDE_1.18.1/STM32CubeIDE/plugins/com.st.stm32cube.ide.mcu.externaltools.gnu-tools-for-stm32.13.3.rel1.win32_1.0.0.202411081344/tools/bin/../lib/gcc/arm-none-eabi/13.3.1/thumb/v7-m/nofp/crti.o
 .ARM.attributes
                0x0000001d       0x2d C:/ST/STM32CubeIDE_1.18.1/STM32CubeIDE/plugins/com.st.stm32cube.ide.mcu.externaltools.gnu-tools-for-stm32.13.3.rel1.win32_1.0.0.202411081344/tools/bin/../lib/gcc/arm-none-eabi/13.3.1/thumb/v7-m/nofp/crtbegin.o
 .ARM.attributes
                0x0000004a       0x2d ./Core/Src/BME280.o
 .ARM.attributes
                0x00000077       0x2d ./Core/Src/flash.o
 .ARM.attributes
                0x000000a4       0x2d ./Core/Src/main.o
 .ARM.attributes
                0x000000d1       0x2d ./Core/Src/rfm95.o
 .ARM.attributes
                0x000000fe       0x2d ./Core/Src/stm32l1xx_hal_msp.o
 .ARM.attributes
                0x0000012b       0x2d ./Core/Src/stm32l1xx_it.o
 .ARM.attributes
                0x00000158       0x2d ./Core/Src/syscalls.o
 .ARM.attributes
                0x00000185       0x2d ./Core/Src/sysmem.o
 .ARM.attributes
                0x000001b2       0x2d ./Core/Src/system_stm32l1xx.o
 .ARM.attributes
                0x000001df       0x21 ./Core/Startup/startup_stm32l151c8tx.o
 .ARM.attributes
                0x00000200       0x2d ./Drivers/STM32L1xx_HAL_Driver/Src/stm32l1xx_hal.o
 .ARM.attributes
                0x0000022d       0x2d ./Drivers/STM32L1xx_HAL_Driver/Src/stm32l1xx_hal_adc.o
 .ARM.attributes
                0x0000025a       0x2d ./Drivers/STM32L1xx_HAL_Driver/Src/stm32l1xx_hal_adc_ex.o
 .ARM.attributes
                0x00000287       0x2d ./Drivers/STM32L1xx_HAL_Driver/Src/stm32l1xx_hal_cortex.o
 .ARM.attributes
                0x000002b4       0x2d ./Drivers/STM32L1xx_HAL_Driver/Src/stm32l1xx_hal_dma.o
 .ARM.attributes
                0x000002e1       0x2d ./Drivers/STM32L1xx_HAL_Driver/Src/stm32l1xx_hal_flash.o
 .ARM.attributes
                0x0000030e       0x2d ./Drivers/STM32L1xx_HAL_Driver/Src/stm32l1xx_hal_flash_ex.o
 .ARM.attributes
                0x0000033b       0x2d ./Drivers/STM32L1xx_HAL_Driver/Src/stm32l1xx_hal_gpio.o
 .ARM.attributes
                0x00000368       0x2d ./Drivers/STM32L1xx_HAL_Driver/Src/stm32l1xx_hal_i2c.o
 .ARM.attributes
                0x00000395       0x2d ./Drivers/STM32L1xx_HAL_Driver/Src/stm32l1xx_hal_pwr.o
 .ARM.attributes
                0x000003c2       0x2d ./Drivers/STM32L1xx_HAL_Driver/Src/stm32l1xx_hal_pwr_ex.o
 .ARM.attributes
                0x000003ef       0x2d ./Drivers/STM32L1xx_HAL_Driver/Src/stm32l1xx_hal_rcc.o
 .ARM.attributes
                0x0000041c       0x2d ./Drivers/STM32L1xx_HAL_Driver/Src/stm32l1xx_hal_rcc_ex.o
 .ARM.attributes
                0x00000449       0x2d ./Drivers/STM32L1xx_HAL_Driver/Src/stm32l1xx_hal_rtc.o
 .ARM.attributes
                0x00000476       0x2d ./Drivers/STM32L1xx_HAL_Driver/Src/stm32l1xx_hal_rtc_ex.o
 .ARM.attributes
                0x000004a3       0x2d ./Drivers/STM32L1xx_HAL_Driver/Src/stm32l1xx_hal_spi.o
 .ARM.attributes
                0x000004d0       0x2d ./Drivers/STM32L1xx_HAL_Driver/Src/stm32l1xx_hal_tim.o
 .ARM.attributes
                0x000004fd       0x2d ./Drivers/STM32L1xx_HAL_Driver/Src/stm32l1xx_hal_tim_ex.o
 .ARM.attributes
                0x0000052a       0x2d ./Drivers/STM32L1xx_HAL_Driver/Src/stm32l1xx_hal_uart.o
 .ARM.attributes
                0x00000557       0x2d ./Drivers/ideetron/AES-128_V10.o
 .ARM.attributes
                0x00000584       0x2d ./Drivers/ideetron/Encrypt_V31.o
 .ARM.attributes
                0x000005b1       0x2d C:/ST/STM32CubeIDE_1.18.1/STM32CubeIDE/plugins/com.st.stm32cube.ide.mcu.externaltools.gnu-tools-for-stm32.13.3.rel1.win32_1.0.0.202411081344/tools/bin/../lib/gcc/arm-none-eabi/13.3.1/../../../../arm-none-eabi/lib/thumb/v7-m/nofp\libc_nano.a(libc_a-assert.o)
 .ARM.attributes
                0x000005de       0x2d C:/ST/STM32CubeIDE_1.18.1/STM32CubeIDE/plugins/com.st.stm32cube.ide.mcu.externaltools.gnu-tools-for-stm32.13.3.rel1.win32_1.0.0.202411081344/tools/bin/../lib/gcc/arm-none-eabi/13.3.1/../../../../arm-none-eabi/lib/thumb/v7-m/nofp\libc_nano.a(libc_a-findfp.o)
 .ARM.attributes
                0x0000060b       0x2d C:/ST/STM32CubeIDE_1.18.1/STM32CubeIDE/plugins/com.st.stm32cube.ide.mcu.externaltools.gnu-tools-for-stm32.13.3.rel1.win32_1.0.0.202411081344/tools/bin/../lib/gcc/arm-none-eabi/13.3.1/../../../../arm-none-eabi/lib/thumb/v7-m/nofp\libc_nano.a(libc_a-fprintf.o)
 .ARM.attributes
                0x00000638       0x2d C:/ST/STM32CubeIDE_1.18.1/STM32CubeIDE/plugins/com.st.stm32cube.ide.mcu.externaltools.gnu-tools-for-stm32.13.3.rel1.win32_1.0.0.202411081344/tools/bin/../lib/gcc/arm-none-eabi/13.3.1/../../../../arm-none-eabi/lib/thumb/v7-m/nofp\libc_nano.a(libc_a-fwalk.o)
 .ARM.attributes
                0x00000665       0x2d C:/ST/STM32CubeIDE_1.18.1/STM32CubeIDE/plugins/com.st.stm32cube.ide.mcu.externaltools.gnu-tools-for-stm32.13.3.rel1.win32_1.0.0.202411081344/tools/bin/../lib/gcc/arm-none-eabi/13.3.1/../../../../arm-none-eabi/lib/thumb/v7-m/nofp\libc_nano.a(libc_a-stdio.o)
 .ARM.attributes
                0x00000692       0x2d C:/ST/STM32CubeIDE_1.18.1/STM32CubeIDE/plugins/com.st.stm32cube.ide.mcu.externaltools.gnu-tools-for-stm32.13.3.rel1.win32_1.0.0.202411081344/tools/bin/../lib/gcc/arm-none-eabi/13.3.1/../../../../arm-none-eabi/lib/thumb/v7-m/nofp\libc_nano.a(libc_a-memcmp.o)
 .ARM.attributes
                0x000006bf       0x2d C:/ST/STM32CubeIDE_1.18.1/STM32CubeIDE/plugins/com.st.stm32cube.ide.mcu.externaltools.gnu-tools-for-stm32.13.3.rel1.win32_1.0.0.202411081344/tools/bin/../lib/gcc/arm-none-eabi/13.3.1/../../../../arm-none-eabi/lib/thumb/v7-m/nofp\libc_nano.a(libc_a-memset.o)
 .ARM.attributes
                0x000006ec       0x2d C:/ST/STM32CubeIDE_1.18.1/STM32CubeIDE/plugins/com.st.stm32cube.ide.mcu.externaltools.gnu-tools-for-stm32.13.3.rel1.win32_1.0.0.202411081344/tools/bin/../lib/gcc/arm-none-eabi/13.3.1/../../../../arm-none-eabi/lib/thumb/v7-m/nofp\libc_nano.a(libc_a-closer.o)
 .ARM.attributes